Copyright 1986-2022 Xilinx, Inc. All Rights Reserved.
-----------------------------------------------------------------------------------------------------------------------------
| Tool Version : Vivado v.2022.2 (win64) Build 3671981 Fri Oct 14 05:00:03 MDT 2022
| Date         : Mon Sep 28 10:10:48 2026
| Host         : DESKTOP-6DUCG5H running 64-bit major release  (build 9200)
| Command      : report_timing_summary -file C:/Users/zhangtao/Desktop/PQM2/vivado/reports_meas/post_impl_timing_summary.rpt
| Design       : pqm2_meas_top
| Device       : 7z020-clg400
| Speed File   : -2  PRODUCTION 1.12 2019-11-22
-----------------------------------------------------------------------------------------------------------------------------

Timing Summary Report

------------------------------------------------------------------------------------------------
| Timer Settings
| --------------
------------------------------------------------------------------------------------------------

  Enable Multi Corner Analysis               :  Yes
  Enable Pessimism Removal                   :  Yes
  Pessimism Removal Resolution               :  Nearest Common Node
  Enable Input Delay Default Clock           :  No
  Enable Preset / Clear Arcs                 :  No
  Disable Flight Delays                      :  No
  Ignore I/O Paths                           :  No
  Timing Early Launch at Borrowing Latches   :  No
  Borrow Time for Max Delay Exceptions       :  Yes
  Merge Timing Exceptions                    :  Yes

  Corner  Analyze    Analyze    
  Name    Max Paths  Min Paths  
  ------  ---------  ---------  
  Slow    Yes        Yes        
  Fast    Yes        Yes        


------------------------------------------------------------------------------------------------
| Report Methodology
| ------------------
------------------------------------------------------------------------------------------------

No report available as report_methodology has not been run prior. Run report_methodology on the current design for the summary of methodology violations.



check_timing report

Table of Contents
-----------------
1. checking no_clock (0)
2. checking constant_clock (0)
3. checking pulse_width_clock (0)
4. checking unconstrained_internal_endpoints (0)
5. checking no_input_delay (22)
6. checking no_output_delay (31)
7. checking multiple_clock (0)
8. checking generated_clocks (0)
9. checking loops (0)
10. checking partial_input_delay (0)
11. checking partial_output_delay (0)
12. checking latch_loops (0)

1. checking no_clock (0)
------------------------
 There are 0 register/latch pins with no clock.


2. checking constant_clock (0)
------------------------------
 There are 0 register/latch pins with constant_clock.


3. checking pulse_width_clock (0)
---------------------------------
 There are 0 register/latch pins which need pulse_width check


4. checking unconstrained_internal_endpoints (0)
------------------------------------------------
 There are 0 pins that are not constrained for maximum delay.

 There are 0 pins that are not constrained for maximum delay due to constant clock.


5. checking no_input_delay (22)
-------------------------------
 There are 22 input ports with no input delay specified. (HIGH)

 There are 0 input ports with no input delay but user has a false path constraint.


6. checking no_output_delay (31)
--------------------------------
 There are 31 ports with no output delay specified. (HIGH)

 There are 0 ports with no output delay but user has a false path constraint

 There are 0 ports with no output delay but with a timing clock defined on it or propagating through it


7. checking multiple_clock (0)
------------------------------
 There are 0 register/latch pins with multiple clocks.


8. checking generated_clocks (0)
--------------------------------
 There are 0 generated clocks that are not connected to a clock source.


9. checking loops (0)
---------------------
 There are 0 combinational loops in the design.


10. checking partial_input_delay (0)
------------------------------------
 There are 0 input ports with partial input delay specified.


11. checking partial_output_delay (0)
-------------------------------------
 There are 0 ports with partial output delay specified.


12. checking latch_loops (0)
----------------------------
 There are 0 combinational latch loops in the design through latch input



------------------------------------------------------------------------------------------------
| Design Timing Summary
| ---------------------
------------------------------------------------------------------------------------------------

    WNS(ns)      TNS(ns)  TNS Failing Endpoints  TNS Total Endpoints      WHS(ns)      THS(ns)  THS Failing Endpoints  THS Total Endpoints     WPWS(ns)     TPWS(ns)  TPWS Failing Endpoints  TPWS Total Endpoints  
    -------      -------  ---------------------  -------------------      -------      -------  ---------------------  -------------------     --------     --------  ----------------------  --------------------  
      1.179        0.000                      0                53811        0.036        0.000                      0                53704        2.500        0.000                       0                 24109  


All user specified timing constraints are met.


------------------------------------------------------------------------------------------------
| Clock Summary
| -------------
------------------------------------------------------------------------------------------------

Clock                            Waveform(ns)       Period(ns)      Frequency(MHz)
-----                            ------------       ----------      --------------
clk_fpga_0                       {0.000 5.000}      10.000          100.000         
sys_clk                          {0.000 10.000}     20.000          50.000          
  clk_out1_clk_wiz_0             {0.000 10.000}     20.000          50.000          
  clkfbout_clk_wiz_0             {0.000 10.000}     20.000          50.000          
system_i/clk_wiz_0/inst/clk_in1  {0.000 5.000}      10.000          100.000         
  clk_out1_system_clk_wiz_0_0    {0.000 15.000}     30.000          33.333          
  clkfbout_system_clk_wiz_0_0    {0.000 5.000}      10.000          100.000         


------------------------------------------------------------------------------------------------
| Intra Clock Table
| -----------------
------------------------------------------------------------------------------------------------

Clock                                WNS(ns)      TNS(ns)  TNS Failing Endpoints  TNS Total Endpoints      WHS(ns)      THS(ns)  THS Failing Endpoints  THS Total Endpoints     WPWS(ns)     TPWS(ns)  TPWS Failing Endpoints  TPWS Total Endpoints  
-----                                -------      -------  ---------------------  -------------------      -------      -------  ---------------------  -------------------     --------     --------  ----------------------  --------------------  
clk_fpga_0                             1.179        0.000                      0                16802        0.043        0.000                      0                16802        2.500        0.000                       0                  7298  
sys_clk                                                                                                                                                                            7.000        0.000                       0                     1  
  clk_out1_clk_wiz_0                   1.474        0.000                      0                31615        0.036        0.000                      0                31615        8.870        0.000                       0                 14138  
  clkfbout_clk_wiz_0                                                                                                                                                              18.408        0.000                       0                     3  
system_i/clk_wiz_0/inst/clk_in1                                                                                                                                                    3.000        0.000                       0                     1  
  clk_out1_system_clk_wiz_0_0         18.526        0.000                      0                 5255        0.070        0.000                      0                 5255       14.146        0.000                       0                  2665  
  clkfbout_system_clk_wiz_0_0                                                                                                                                                      8.408        0.000                       0                     3  


------------------------------------------------------------------------------------------------
| Inter Clock Table
| -----------------
------------------------------------------------------------------------------------------------

From Clock                   To Clock                         WNS(ns)      TNS(ns)  TNS Failing Endpoints  TNS Total Endpoints      WHS(ns)      THS(ns)  THS Failing Endpoints  THS Total Endpoints  
----------                   --------                         -------      -------  ---------------------  -------------------      -------      -------  ---------------------  -------------------  
clk_out1_system_clk_wiz_0_0  clk_fpga_0                        28.365        0.000                      0                   44                                                                        
clk_fpga_0                   clk_out1_system_clk_wiz_0_0        8.607        0.000                      0                   63                                                                        


------------------------------------------------------------------------------------------------
| Other Path Groups Table
| -----------------------
------------------------------------------------------------------------------------------------

Path Group         From Clock         To Clock               WNS(ns)      TNS(ns)  TNS Failing Endpoints  TNS Total Endpoints      WHS(ns)      THS(ns)  THS Failing Endpoints  THS Total Endpoints  
----------         ----------         --------               -------      -------  ---------------------  -------------------      -------      -------  ---------------------  -------------------  
**async_default**  clk_fpga_0         clk_fpga_0               7.829        0.000                      0                   32        0.475        0.000                      0                   32  


------------------------------------------------------------------------------------------------
| Timing Details
| --------------
------------------------------------------------------------------------------------------------


---------------------------------------------------------------------------------------------------
From Clock:  clk_fpga_0
  To Clock:  clk_fpga_0

Setup :            0  Failing Endpoints,  Worst Slack        1.179ns,  Total Violation        0.000ns
Hold  :            0  Failing Endpoints,  Worst Slack        0.043ns,  Total Violation        0.000ns
PW    :            0  Failing Endpoints,  Worst Slack        2.500ns,  Total Violation        0.000ns
---------------------------------------------------------------------------------------------------


Max Delay Paths
--------------------------------------------------------------------------------------
Slack (MET) :             1.179ns  (required time - arrival time)
  Source:                 system_i/processing_system7_0/inst/PS7_i/MAXIGP0ACLK
                            (rising edge-triggered cell PS7 clocked by clk_fpga_0  {rise@0.000ns fall@5.000ns period=10.000ns})
  Destination:            system_i/ps7_0_axi_periph/xbar/inst/gen_samd.crossbar_samd/addr_arbiter_aw/gen_no_arbiter.m_target_hot_i_reg[0]/CE
                            (rising edge-triggered cell FDRE clocked by clk_fpga_0  {rise@0.000ns fall@5.000ns period=10.000ns})
  Path Group:             clk_fpga_0
  Path Type:              Setup (Max at Slow Process Corner)
  Requirement:            10.000ns  (clk_fpga_0 rise@10.000ns - clk_fpga_0 rise@0.000ns)
  Data Path Delay:        8.238ns  (logic 1.758ns (21.341%)  route 6.480ns (78.659%))
  Logic Levels:           6  (LUT2=1 LUT6=5)
  Clock Path Skew:        -0.091ns (DCD - SCD + CPR)
    Destination Clock Delay (DCD):    2.259ns = ( 12.259 - 10.000 ) 
    Source Clock Delay      (SCD):    2.542ns
    Clock Pessimism Removal (CPR):    0.192ns
  Clock Uncertainty:      0.154ns  ((TSJ^2 + TIJ^2)^1/2 + DJ) / 2 + PE
    Total System Jitter     (TSJ):    0.071ns
    Total Input Jitter      (TIJ):    0.300ns
    Discrete Jitter          (DJ):    0.000ns
    Phase Error              (PE):    0.000ns

    Location             Delay type                Incr(ns)  Path(ns)    Netlist Resource(s)
  -------------------------------------------------------------------    -------------------
                         (clock clk_fpga_0 rise edge)
                                                      0.000     0.000 r  
    PS7_X0Y0             PS7                          0.000     0.000 r  system_i/processing_system7_0/inst/PS7_i/FCLKCLK[0]
                         net (fo=1, routed)           0.994     0.994    system_i/processing_system7_0/inst/FCLK_CLK_unbuffered[0]
    BUFGCTRL_X0Y16       BUFG (Prop_bufg_I_O)         0.085     1.079 r  system_i/processing_system7_0/inst/buffer_fclk_clk_0.FCLK_CLK_0_BUFG/O
                         net (fo=7300, routed)        1.463     2.542    system_i/processing_system7_0/inst/M_AXI_GP0_ACLK
    PS7_X0Y0             PS7                                          r  system_i/processing_system7_0/inst/PS7_i/MAXIGP0ACLK
  -------------------------------------------------------------------    -------------------
    PS7_X0Y0             PS7 (Prop_ps7_MAXIGP0ACLK_MAXIGP0AWADDR[20])
                                                      1.125     3.667 f  system_i/processing_system7_0/inst/PS7_i/MAXIGP0AWADDR[20]
                         net (fo=4, routed)           1.894     5.561    system_i/ps7_0_axi_periph/xbar/inst/gen_samd.crossbar_samd/addr_arbiter_aw/D[32]
    SLICE_X25Y48         LUT6 (Prop_lut6_I5_O)        0.105     5.666 f  system_i/ps7_0_axi_periph/xbar/inst/gen_samd.crossbar_samd/addr_arbiter_aw/gen_no_arbiter.m_target_hot_i[4]_i_2__0/O
                         net (fo=3, routed)           1.151     6.817    system_i/ps7_0_axi_periph/xbar/inst/gen_samd.crossbar_samd/addr_arbiter_aw/gen_no_arbiter.m_target_hot_i[4]_i_2__0_n_0
    SLICE_X26Y77         LUT6 (Prop_lut6_I5_O)        0.105     6.922 r  system_i/ps7_0_axi_periph/xbar/inst/gen_samd.crossbar_samd/addr_arbiter_aw/gen_no_arbiter.m_target_hot_i[4]_i_1__0/O
                         net (fo=12, routed)          1.147     8.069    system_i/ps7_0_axi_periph/xbar/inst/gen_samd.crossbar_samd/gen_slave_slots[0].gen_si_write.si_transactor_aw/st_aa_awtarget_hot[4]
    SLICE_X28Y98         LUT6 (Prop_lut6_I3_O)        0.105     8.174 f  system_i/ps7_0_axi_periph/xbar/inst/gen_samd.crossbar_samd/gen_slave_slots[0].gen_si_write.si_transactor_aw/gen_no_arbiter.m_target_hot_i[5]_i_13/O
                         net (fo=1, routed)           0.536     8.711    system_i/ps7_0_axi_periph/xbar/inst/gen_samd.crossbar_samd/gen_slave_slots[0].gen_si_write.si_transactor_aw/gen_no_arbiter.m_target_hot_i[5]_i_13_n_0
    SLICE_X27Y99         LUT6 (Prop_lut6_I4_O)        0.105     8.816 f  system_i/ps7_0_axi_periph/xbar/inst/gen_samd.crossbar_samd/gen_slave_slots[0].gen_si_write.si_transactor_aw/gen_no_arbiter.m_target_hot_i[5]_i_4/O
                         net (fo=1, routed)           0.825     9.641    system_i/ps7_0_axi_periph/xbar/inst/gen_samd.crossbar_samd/gen_slave_slots[0].gen_si_write.si_transactor_aw/gen_multi_thread.arbiter_resp_inst/gen_no_arbiter.s_ready_i_reg[0]
    SLICE_X30Y99         LUT6 (Prop_lut6_I0_O)        0.105     9.746 r  system_i/ps7_0_axi_periph/xbar/inst/gen_samd.crossbar_samd/gen_slave_slots[0].gen_si_write.si_transactor_aw/gen_multi_thread.arbiter_resp_inst/gen_no_arbiter.m_target_hot_i[5]_i_3/O
                         net (fo=2, routed)           0.503    10.249    system_i/ps7_0_axi_periph/xbar/inst/gen_samd.crossbar_samd/gen_slave_slots[0].gen_si_write.si_transactor_aw/gen_multi_thread.arbiter_resp_inst/m_valid_i
    SLICE_X31Y100        LUT2 (Prop_lut2_I0_O)        0.108    10.357 r  system_i/ps7_0_axi_periph/xbar/inst/gen_samd.crossbar_samd/gen_slave_slots[0].gen_si_write.si_transactor_aw/gen_multi_thread.arbiter_resp_inst/gen_no_arbiter.m_target_hot_i[5]_i_1__0/O
                         net (fo=7, routed)           0.424    10.780    system_i/ps7_0_axi_periph/xbar/inst/gen_samd.crossbar_samd/addr_arbiter_aw/E[0]
    SLICE_X31Y99         FDRE                                         r  system_i/ps7_0_axi_periph/xbar/inst/gen_samd.crossbar_samd/addr_arbiter_aw/gen_no_arbiter.m_target_hot_i_reg[0]/CE
  -------------------------------------------------------------------    -------------------

                         (clock clk_fpga_0 rise edge)
                                                     10.000    10.000 r  
    PS7_X0Y0             PS7                          0.000    10.000 r  system_i/processing_system7_0/inst/PS7_i/FCLKCLK[0]
                         net (fo=1, routed)           0.905    10.906    system_i/processing_system7_0/inst/FCLK_CLK_unbuffered[0]
    BUFGCTRL_X0Y16       BUFG (Prop_bufg_I_O)         0.077    10.983 r  system_i/processing_system7_0/inst/buffer_fclk_clk_0.FCLK_CLK_0_BUFG/O
                         net (fo=7300, routed)        1.276    12.259    system_i/ps7_0_axi_periph/xbar/inst/gen_samd.crossbar_samd/addr_arbiter_aw/aclk
    SLICE_X31Y99         FDRE                                         r  system_i/ps7_0_axi_periph/xbar/inst/gen_samd.crossbar_samd/addr_arbiter_aw/gen_no_arbiter.m_target_hot_i_reg[0]/C
                         clock pessimism              0.192    12.451    
                         clock uncertainty           -0.154    12.297    
    SLICE_X31Y99         FDRE (Setup_fdre_C_CE)      -0.338    11.959    system_i/ps7_0_axi_periph/xbar/inst/gen_samd.crossbar_samd/addr_arbiter_aw/gen_no_arbiter.m_target_hot_i_reg[0]
  -------------------------------------------------------------------
                         required time                         11.959    
                         arrival time                         -10.780    
  -------------------------------------------------------------------
                         slack                                  1.179    





Min Delay Paths
--------------------------------------------------------------------------------------
Slack (MET) :             0.043ns  (arrival time - required time)
  Source:                 system_i/ps7_0_axi_periph/m02_couplers/auto_pc/inst/gen_axilite.gen_b2s_conv.axilite_b2s/RD.r_channel_0/r_arid_r_reg[8]/C
                            (rising edge-triggered cell FDRE clocked by clk_fpga_0  {rise@0.000ns fall@5.000ns period=10.000ns})
  Destination:            system_i/ps7_0_axi_periph/m02_couplers/auto_pc/inst/gen_axilite.gen_b2s_conv.axilite_b2s/RD.r_channel_0/transaction_fifo_0/memory_reg[31][9]_srl32/D
                            (rising edge-triggered cell SRLC32E clocked by clk_fpga_0  {rise@0.000ns fall@5.000ns period=10.000ns})
  Path Group:             clk_fpga_0
  Path Type:              Hold (Min at Fast Process Corner)
  Requirement:            0.000ns  (clk_fpga_0 rise@0.000ns - clk_fpga_0 rise@0.000ns)
  Data Path Delay:        0.240ns  (logic 0.141ns (58.816%)  route 0.099ns (41.184%))
  Logic Levels:           0  
  Clock Path Skew:        0.014ns (DCD - SCD - CPR)
    Destination Clock Delay (DCD):    1.184ns
    Source Clock Delay      (SCD):    0.888ns
    Clock Pessimism Removal (CPR):    0.282ns

    Location             Delay type                Incr(ns)  Path(ns)    Netlist Resource(s)
  -------------------------------------------------------------------    -------------------
                         (clock clk_fpga_0 rise edge)
                                                      0.000     0.000 r  
    PS7_X0Y0             PS7                          0.000     0.000 r  system_i/processing_system7_0/inst/PS7_i/FCLKCLK[0]
                         net (fo=1, routed)           0.310     0.310    system_i/processing_system7_0/inst/FCLK_CLK_unbuffered[0]
    BUFGCTRL_X0Y16       BUFG (Prop_bufg_I_O)         0.026     0.336 r  system_i/processing_system7_0/inst/buffer_fclk_clk_0.FCLK_CLK_0_BUFG/O
                         net (fo=7300, routed)        0.552     0.888    system_i/ps7_0_axi_periph/m02_couplers/auto_pc/inst/gen_axilite.gen_b2s_conv.axilite_b2s/RD.r_channel_0/aclk
    SLICE_X45Y85         FDRE                                         r  system_i/ps7_0_axi_periph/m02_couplers/auto_pc/inst/gen_axilite.gen_b2s_conv.axilite_b2s/RD.r_channel_0/r_arid_r_reg[8]/C
  -------------------------------------------------------------------    -------------------
    SLICE_X45Y85         FDRE (Prop_fdre_C_Q)         0.141     1.029 r  system_i/ps7_0_axi_periph/m02_couplers/auto_pc/inst/gen_axilite.gen_b2s_conv.axilite_b2s/RD.r_channel_0/r_arid_r_reg[8]/Q
                         net (fo=1, routed)           0.099     1.127    system_i/ps7_0_axi_periph/m02_couplers/auto_pc/inst/gen_axilite.gen_b2s_conv.axilite_b2s/RD.r_channel_0/transaction_fifo_0/in[9]
    SLICE_X46Y84         SRLC32E                                      r  system_i/ps7_0_axi_periph/m02_couplers/auto_pc/inst/gen_axilite.gen_b2s_conv.axilite_b2s/RD.r_channel_0/transaction_fifo_0/memory_reg[31][9]_srl32/D
  -------------------------------------------------------------------    -------------------

                         (clock clk_fpga_0 rise edge)
                                                      0.000     0.000 r  
    PS7_X0Y0             PS7                          0.000     0.000 r  system_i/processing_system7_0/inst/PS7_i/FCLKCLK[0]
                         net (fo=1, routed)           0.337     0.337    system_i/processing_system7_0/inst/FCLK_CLK_unbuffered[0]
    BUFGCTRL_X0Y16       BUFG (Prop_bufg_I_O)         0.029     0.366 r  system_i/processing_system7_0/inst/buffer_fclk_clk_0.FCLK_CLK_0_BUFG/O
                         net (fo=7300, routed)        0.818     1.184    system_i/ps7_0_axi_periph/m02_couplers/auto_pc/inst/gen_axilite.gen_b2s_conv.axilite_b2s/RD.r_channel_0/transaction_fifo_0/aclk
    SLICE_X46Y84         SRLC32E                                      r  system_i/ps7_0_axi_periph/m02_couplers/auto_pc/inst/gen_axilite.gen_b2s_conv.axilite_b2s/RD.r_channel_0/transaction_fifo_0/memory_reg[31][9]_srl32/CLK
                         clock pessimism             -0.282     0.902    
    SLICE_X46Y84         SRLC32E (Hold_srlc32e_CLK_D)
                                                      0.183     1.085    system_i/ps7_0_axi_periph/m02_couplers/auto_pc/inst/gen_axilite.gen_b2s_conv.axilite_b2s/RD.r_channel_0/transaction_fifo_0/memory_reg[31][9]_srl32
  -------------------------------------------------------------------
                         required time                         -1.085    
                         arrival time                           1.127    
  -------------------------------------------------------------------
                         slack                                  0.043    





Pulse Width Checks
--------------------------------------------------------------------------------------
Clock Name:         clk_fpga_0
Waveform(ns):       { 0.000 5.000 }
Period(ns):         10.000
Sources:            { system_i/processing_system7_0/inst/PS7_i/FCLKCLK[0] }

Check Type        Corner  Lib Pin          Reference Pin  Required(ns)  Actual(ns)  Slack(ns)  Location         Pin
Min Period        n/a     MMCME2_ADV/DCLK  n/a            4.999         10.000      5.001      MMCME2_ADV_X1Y0  system_i/clk_wiz_0/inst/CLK_CORE_DRP_I/clk_inst/mmcm_adv_inst/DCLK
Low Pulse Width   Slow    MMCME2_ADV/DCLK  n/a            2.499         5.000       2.500      MMCME2_ADV_X1Y0  system_i/clk_wiz_0/inst/CLK_CORE_DRP_I/clk_inst/mmcm_adv_inst/DCLK
High Pulse Width  Slow    MMCME2_ADV/DCLK  n/a            2.499         5.000       2.501      MMCME2_ADV_X1Y0  system_i/clk_wiz_0/inst/CLK_CORE_DRP_I/clk_inst/mmcm_adv_inst/DCLK



---------------------------------------------------------------------------------------------------
From Clock:  sys_clk
  To Clock:  sys_clk

Setup :           NA  Failing Endpoints,  Worst Slack           NA  ,  Total Violation           NA
Hold  :           NA  Failing Endpoints,  Worst Slack           NA  ,  Total Violation           NA
PW    :            0  Failing Endpoints,  Worst Slack        7.000ns,  Total Violation        0.000ns
---------------------------------------------------------------------------------------------------


Pulse Width Checks
--------------------------------------------------------------------------------------
Clock Name:         sys_clk
Waveform(ns):       { 0.000 10.000 }
Period(ns):         20.000
Sources:            { sys_clk }

Check Type        Corner  Lib Pin            Reference Pin  Required(ns)  Actual(ns)  Slack(ns)  Location         Pin
Min Period        n/a     MMCME2_ADV/CLKIN1  n/a            1.249         20.000      18.751     MMCME2_ADV_X1Y1  u_clk_wiz_0/inst/mmcm_adv_inst/CLKIN1
Max Period        n/a     MMCME2_ADV/CLKIN1  n/a            100.000       20.000      80.000     MMCME2_ADV_X1Y1  u_clk_wiz_0/inst/mmcm_adv_inst/CLKIN1
Low Pulse Width   Slow    MMCME2_ADV/CLKIN1  n/a            3.000         10.000      7.000      MMCME2_ADV_X1Y1  u_clk_wiz_0/inst/mmcm_adv_inst/CLKIN1
High Pulse Width  Slow    MMCME2_ADV/CLKIN1  n/a            3.000         10.000      7.000      MMCME2_ADV_X1Y1  u_clk_wiz_0/inst/mmcm_adv_inst/CLKIN1



---------------------------------------------------------------------------------------------------
From Clock:  clk_out1_clk_wiz_0
  To Clock:  clk_out1_clk_wiz_0

Setup :            0  Failing Endpoints,  Worst Slack        1.474ns,  Total Violation        0.000ns
Hold  :            0  Failing Endpoints,  Worst Slack        0.036ns,  Total Violation        0.000ns
PW    :            0  Failing Endpoints,  Worst Slack        8.870ns,  Total Violation        0.000ns
---------------------------------------------------------------------------------------------------


Max Delay Paths
--------------------------------------------------------------------------------------
Slack (MET) :             1.474ns  (required time - arrival time)
  Source:                 u_pqm_pl_top/u_measurement_core/u_time_parameters_initiator/u_power_metrics_calc/work_active_p_raw_reg[0]/C
                            (rising edge-triggered cell FDCE clocked by clk_out1_clk_wiz_0  {rise@0.000ns fall@10.000ns period=20.000ns})
  Destination:            u_pqm_pl_top/u_measurement_core/u_time_parameters_initiator/u_power_metrics_calc/u_reactive_q_sqrt/radicand_reg_reg[63]/D
                            (rising edge-triggered cell FDCE clocked by clk_out1_clk_wiz_0  {rise@0.000ns fall@10.000ns period=20.000ns})
  Path Group:             clk_out1_clk_wiz_0
  Path Type:              Setup (Max at Slow Process Corner)
  Requirement:            20.000ns  (clk_out1_clk_wiz_0 rise@20.000ns - clk_out1_clk_wiz_0 rise@0.000ns)
  Data Path Delay:        18.338ns  (logic 12.259ns (66.850%)  route 6.079ns (33.150%))
  Logic Levels:           46  (CARRY4=39 DSP48E1=2 LUT1=2 LUT2=1 LUT3=1 LUT6=1)
  Clock Path Skew:        -0.185ns (DCD - SCD + CPR)
    Destination Clock Delay (DCD):    -1.005ns = ( 18.995 - 20.000 ) 
    Source Clock Delay      (SCD):    -0.503ns
    Clock Pessimism Removal (CPR):    0.318ns
  Clock Uncertainty:      0.104ns  ((TSJ^2 + DJ^2)^1/2) / 2 + PE
    Total System Jitter     (TSJ):    0.071ns
    Discrete Jitter          (DJ):    0.195ns
    Phase Error              (PE):    0.000ns

    Location             Delay type                Incr(ns)  Path(ns)    Netlist Resource(s)
  -------------------------------------------------------------------    -------------------
                         (clock clk_out1_clk_wiz_0 rise edge)
                                                      0.000     0.000 r  
    U18                                               0.000     0.000 r  sys_clk (IN)
                         net (fo=0)                   0.000     0.000    u_clk_wiz_0/inst/clk_in1
    U18                  IBUF (Prop_ibuf_I_O)         1.429     1.429 r  u_clk_wiz_0/inst/clkin1_ibufg/O
                         net (fo=1, routed)           1.110     2.539    u_clk_wiz_0/inst/clk_in1_clk_wiz_0
    MMCME2_ADV_X1Y1      MMCME2_ADV (Prop_mmcme2_adv_CLKIN1_CLKOUT0)
                                                     -6.247    -3.708 r  u_clk_wiz_0/inst/mmcm_adv_inst/CLKOUT0
                         net (fo=1, routed)           1.597    -2.111    u_clk_wiz_0/inst/clk_out1_clk_wiz_0
    BUFGCTRL_X0Y17       BUFG (Prop_bufg_I_O)         0.085    -2.026 r  u_clk_wiz_0/inst/clkout1_buf/O
                         net (fo=14136, routed)       1.523    -0.503    u_pqm_pl_top/u_measurement_core/u_time_parameters_initiator/u_power_metrics_calc/clk_out1
    SLICE_X90Y49         FDCE                                         r  u_pqm_pl_top/u_measurement_core/u_time_parameters_initiator/u_power_metrics_calc/work_active_p_raw_reg[0]/C
  -------------------------------------------------------------------    -------------------
    SLICE_X90Y49         FDCE (Prop_fdce_C_Q)         0.433    -0.070 f  u_pqm_pl_top/u_measurement_core/u_time_parameters_initiator/u_power_metrics_calc/work_active_p_raw_reg[0]/Q
                         net (fo=18, routed)          0.536     0.467    u_pqm_pl_top/u_measurement_core/u_time_parameters_initiator/u_power_metrics_calc/u_pf_scale_multiplier/Q[0]
    SLICE_X88Y49         LUT1 (Prop_lut1_I0_O)        0.105     0.572 r  u_pqm_pl_top/u_measurement_core/u_time_parameters_initiator/u_power_metrics_calc/u_pf_scale_multiplier/product_i_66__1/O
                         net (fo=1, routed)           0.252     0.823    u_pqm_pl_top/u_measurement_core/u_time_parameters_initiator/u_power_metrics_calc/u_pf_scale_multiplier/p_0_in__0__0[0]
    SLICE_X89Y48         CARRY4 (Prop_carry4_CYINIT_CO[3])
                                                      0.480     1.303 r  u_pqm_pl_top/u_measurement_core/u_time_parameters_initiator/u_power_metrics_calc/u_pf_scale_multiplier/product_i_38__3/CO[3]
                         net (fo=1, routed)           0.000     1.303    u_pqm_pl_top/u_measurement_core/u_time_parameters_initiator/u_power_metrics_calc/u_pf_scale_multiplier/product_i_38__3_n_0
    SLICE_X89Y49         CARRY4 (Prop_carry4_CI_O[0])
                                                      0.180     1.483 r  u_pqm_pl_top/u_measurement_core/u_time_parameters_initiator/u_power_metrics_calc/u_pf_scale_multiplier/product_i_37__3/O[0]
                         net (fo=8, routed)           1.174     2.657    u_pqm_pl_top/u_measurement_core/u_time_parameters_initiator/u_power_metrics_calc/u_pf_scale_multiplier/work_active_p_raw_reg[31]_rep__0[4]
    SLICE_X90Y52         LUT3 (Prop_lut3_I0_O)        0.270     2.927 r  u_pqm_pl_top/u_measurement_core/u_time_parameters_initiator/u_power_metrics_calc/u_pf_scale_multiplier/product_i_26__3/O
                         net (fo=9, routed)           0.766     3.693    u_pqm_pl_top/u_measurement_core/u_time_parameters_initiator/u_power_metrics_calc/u_active_square_multiplier/product_0[0]
    DSP48_X4Y20          DSP48E1 (Prop_dsp48e1_A[5]_PCOUT[47])
                                                      3.575     7.268 r  u_pqm_pl_top/u_measurement_core/u_time_parameters_initiator/u_power_metrics_calc/u_active_square_multiplier/product__1/PCOUT[47]
                         net (fo=1, routed)           0.002     7.270    u_pqm_pl_top/u_measurement_core/u_time_parameters_initiator/u_power_metrics_calc/u_active_square_multiplier/product__1_n_106
    DSP48_X4Y21          DSP48E1 (Prop_dsp48e1_PCIN[47]_P[0])
                                                      1.271     8.541 r  u_pqm_pl_top/u_measurement_core/u_time_parameters_initiator/u_power_metrics_calc/u_active_square_multiplier/product__2/P[0]
                         net (fo=2, routed)           0.775     9.316    u_pqm_pl_top/u_measurement_core/u_time_parameters_initiator/u_power_metrics_calc/u_active_square_multiplier/p_1_in[17]
    SLICE_X101Y55        LUT2 (Prop_lut2_I0_O)        0.105     9.421 r  u_pqm_pl_top/u_measurement_core/u_time_parameters_initiator/u_power_metrics_calc/u_active_square_multiplier/product_carry_i_3/O
                         net (fo=1, routed)           0.000     9.421    u_pqm_pl_top/u_measurement_core/u_time_parameters_initiator/u_power_metrics_calc/u_active_square_multiplier/product_carry_i_3_n_0
    SLICE_X101Y55        CARRY4 (Prop_carry4_S[1]_CO[3])
                                                      0.457     9.878 r  u_pqm_pl_top/u_measurement_core/u_time_parameters_initiator/u_power_metrics_calc/u_active_square_multiplier/product_carry/CO[3]
                         net (fo=1, routed)           0.000     9.878    u_pqm_pl_top/u_measurement_core/u_time_parameters_initiator/u_power_metrics_calc/u_active_square_multiplier/product_carry_n_0
    SLICE_X101Y56        CARRY4 (Prop_carry4_CI_CO[3])
                                                      0.098     9.976 r  u_pqm_pl_top/u_measurement_core/u_time_parameters_initiator/u_power_metrics_calc/u_active_square_multiplier/product_carry__0/CO[3]
                         net (fo=1, routed)           0.000     9.976    u_pqm_pl_top/u_measurement_core/u_time_parameters_initiator/u_power_metrics_calc/u_active_square_multiplier/product_carry__0_n_0
    SLICE_X101Y57        CARRY4 (Prop_carry4_CI_CO[3])
                                                      0.098    10.074 r  u_pqm_pl_top/u_measurement_core/u_time_parameters_initiator/u_power_metrics_calc/u_active_square_multiplier/product_carry__1/CO[3]
                         net (fo=1, routed)           0.000    10.074    u_pqm_pl_top/u_measurement_core/u_time_parameters_initiator/u_power_metrics_calc/u_active_square_multiplier/product_carry__1_n_0
    SLICE_X101Y58        CARRY4 (Prop_carry4_CI_CO[3])
                                                      0.098    10.172 r  u_pqm_pl_top/u_measurement_core/u_time_parameters_initiator/u_power_metrics_calc/u_active_square_multiplier/product_carry__2/CO[3]
                         net (fo=1, routed)           0.000    10.172    u_pqm_pl_top/u_measurement_core/u_time_parameters_initiator/u_power_metrics_calc/u_active_square_multiplier/product_carry__2_n_0
    SLICE_X101Y59        CARRY4 (Prop_carry4_CI_CO[3])
                                                      0.098    10.270 r  u_pqm_pl_top/u_measurement_core/u_time_parameters_initiator/u_power_metrics_calc/u_active_square_multiplier/product_carry__3/CO[3]
                         net (fo=1, routed)           0.000    10.270    u_pqm_pl_top/u_measurement_core/u_time_parameters_initiator/u_power_metrics_calc/u_active_square_multiplier/product_carry__3_n_0
    SLICE_X101Y60        CARRY4 (Prop_carry4_CI_CO[3])
                                                      0.098    10.368 r  u_pqm_pl_top/u_measurement_core/u_time_parameters_initiator/u_power_metrics_calc/u_active_square_multiplier/product_carry__4/CO[3]
                         net (fo=1, routed)           0.000    10.368    u_pqm_pl_top/u_measurement_core/u_time_parameters_initiator/u_power_metrics_calc/u_active_square_multiplier/product_carry__4_n_0
    SLICE_X101Y61        CARRY4 (Prop_carry4_CI_CO[3])
                                                      0.098    10.466 r  u_pqm_pl_top/u_measurement_core/u_time_parameters_initiator/u_power_metrics_calc/u_active_square_multiplier/product_carry__5/CO[3]
                         net (fo=1, routed)           0.000    10.466    u_pqm_pl_top/u_measurement_core/u_time_parameters_initiator/u_power_metrics_calc/u_active_square_multiplier/product_carry__5_n_0
    SLICE_X101Y62        CARRY4 (Prop_carry4_CI_CO[3])
                                                      0.098    10.564 r  u_pqm_pl_top/u_measurement_core/u_time_parameters_initiator/u_power_metrics_calc/u_active_square_multiplier/product_carry__6/CO[3]
                         net (fo=1, routed)           0.000    10.564    u_pqm_pl_top/u_measurement_core/u_time_parameters_initiator/u_power_metrics_calc/u_active_square_multiplier/product_carry__6_n_0
    SLICE_X101Y63        CARRY4 (Prop_carry4_CI_CO[3])
                                                      0.098    10.662 r  u_pqm_pl_top/u_measurement_core/u_time_parameters_initiator/u_power_metrics_calc/u_active_square_multiplier/product_carry__7/CO[3]
                         net (fo=1, routed)           0.000    10.662    u_pqm_pl_top/u_measurement_core/u_time_parameters_initiator/u_power_metrics_calc/u_active_square_multiplier/product_carry__7_n_0
    SLICE_X101Y64        CARRY4 (Prop_carry4_CI_CO[3])
                                                      0.098    10.760 r  u_pqm_pl_top/u_measurement_core/u_time_parameters_initiator/u_power_metrics_calc/u_active_square_multiplier/product_carry__8/CO[3]
                         net (fo=1, routed)           0.000    10.760    u_pqm_pl_top/u_measurement_core/u_time_parameters_initiator/u_power_metrics_calc/u_active_square_multiplier/product_carry__8_n_0
    SLICE_X101Y65        CARRY4 (Prop_carry4_CI_CO[3])
                                                      0.098    10.858 r  u_pqm_pl_top/u_measurement_core/u_time_parameters_initiator/u_power_metrics_calc/u_active_square_multiplier/product_carry__9/CO[3]
                         net (fo=1, routed)           0.000    10.858    u_pqm_pl_top/u_measurement_core/u_time_parameters_initiator/u_power_metrics_calc/u_active_square_multiplier/product_carry__9_n_0
    SLICE_X101Y66        CARRY4 (Prop_carry4_CI_O[3])
                                                      0.260    11.118 r  u_pqm_pl_top/u_measurement_core/u_time_parameters_initiator/u_power_metrics_calc/u_active_square_multiplier/product_carry__10/O[3]
                         net (fo=190, routed)         0.869    11.987    u_pqm_pl_top/u_measurement_core/u_time_parameters_initiator/u_power_metrics_calc/u_apparent_square_multiplier/product__3__0[47]
    SLICE_X99Y56         LUT6 (Prop_lut6_I3_O)        0.257    12.244 r  u_pqm_pl_top/u_measurement_core/u_time_parameters_initiator/u_power_metrics_calc/u_apparent_square_multiplier/radicand_reg[63]_i_77/O
                         net (fo=1, routed)           0.429    12.673    u_pqm_pl_top/u_measurement_core/u_time_parameters_initiator/u_power_metrics_calc/u_apparent_square_multiplier/radicand_reg[63]_i_77_n_0
    SLICE_X98Y56         CARRY4 (Prop_carry4_DI[1]_CO[3])
                                                      0.430    13.103 r  u_pqm_pl_top/u_measurement_core/u_time_parameters_initiator/u_power_metrics_calc/u_apparent_square_multiplier/radicand_reg_reg[63]_i_66/CO[3]
                         net (fo=1, routed)           0.000    13.103    u_pqm_pl_top/u_measurement_core/u_time_parameters_initiator/u_power_metrics_calc/u_apparent_square_multiplier/radicand_reg_reg[63]_i_66_n_0
    SLICE_X98Y57         CARRY4 (Prop_carry4_CI_CO[3])
                                                      0.100    13.203 r  u_pqm_pl_top/u_measurement_core/u_time_parameters_initiator/u_power_metrics_calc/u_apparent_square_multiplier/radicand_reg_reg[63]_i_57/CO[3]
                         net (fo=1, routed)           0.000    13.203    u_pqm_pl_top/u_measurement_core/u_time_parameters_initiator/u_power_metrics_calc/u_apparent_square_multiplier/radicand_reg_reg[63]_i_57_n_0
    SLICE_X98Y58         CARRY4 (Prop_carry4_CI_CO[3])
                                                      0.100    13.303 r  u_pqm_pl_top/u_measurement_core/u_time_parameters_initiator/u_power_metrics_calc/u_apparent_square_multiplier/radicand_reg_reg[63]_i_48/CO[3]
                         net (fo=1, routed)           0.000    13.303    u_pqm_pl_top/u_measurement_core/u_time_parameters_initiator/u_power_metrics_calc/u_apparent_square_multiplier/radicand_reg_reg[63]_i_48_n_0
    SLICE_X98Y59         CARRY4 (Prop_carry4_CI_CO[3])
                                                      0.100    13.403 r  u_pqm_pl_top/u_measurement_core/u_time_parameters_initiator/u_power_metrics_calc/u_apparent_square_multiplier/radicand_reg_reg[63]_i_39/CO[3]
                         net (fo=1, routed)           0.000    13.403    u_pqm_pl_top/u_measurement_core/u_time_parameters_initiator/u_power_metrics_calc/u_apparent_square_multiplier/radicand_reg_reg[63]_i_39_n_0
    SLICE_X98Y60         CARRY4 (Prop_carry4_CI_CO[3])
                                                      0.100    13.503 r  u_pqm_pl_top/u_measurement_core/u_time_parameters_initiator/u_power_metrics_calc/u_apparent_square_multiplier/radicand_reg_reg[63]_i_30/CO[3]
                         net (fo=1, routed)           0.000    13.503    u_pqm_pl_top/u_measurement_core/u_time_parameters_initiator/u_power_metrics_calc/u_apparent_square_multiplier/radicand_reg_reg[63]_i_30_n_0
    SLICE_X98Y61         CARRY4 (Prop_carry4_CI_CO[3])
                                                      0.100    13.603 r  u_pqm_pl_top/u_measurement_core/u_time_parameters_initiator/u_power_metrics_calc/u_apparent_square_multiplier/radicand_reg_reg[63]_i_21/CO[3]
                         net (fo=1, routed)           0.000    13.603    u_pqm_pl_top/u_measurement_core/u_time_parameters_initiator/u_power_metrics_calc/u_apparent_square_multiplier/radicand_reg_reg[63]_i_21_n_0
    SLICE_X98Y62         CARRY4 (Prop_carry4_CI_CO[3])
                                                      0.100    13.703 r  u_pqm_pl_top/u_measurement_core/u_time_parameters_initiator/u_power_metrics_calc/u_apparent_square_multiplier/radicand_reg_reg[63]_i_12/CO[3]
                         net (fo=1, routed)           0.000    13.703    u_pqm_pl_top/u_measurement_core/u_time_parameters_initiator/u_power_metrics_calc/u_apparent_square_multiplier/radicand_reg_reg[63]_i_12_n_0
    SLICE_X98Y63         CARRY4 (Prop_carry4_CI_CO[3])
                                                      0.100    13.803 r  u_pqm_pl_top/u_measurement_core/u_time_parameters_initiator/u_power_metrics_calc/u_apparent_square_multiplier/radicand_reg_reg[63]_i_11/CO[3]
                         net (fo=1, routed)           0.000    13.803    u_pqm_pl_top/u_measurement_core/u_time_parameters_initiator/u_power_metrics_calc/u_apparent_square_multiplier/reactive_sq_unsigned1
    SLICE_X98Y64         CARRY4 (Prop_carry4_CI_O[0])
                                                      0.178    13.981 f  u_pqm_pl_top/u_measurement_core/u_time_parameters_initiator/u_power_metrics_calc/u_apparent_square_multiplier/radicand_reg_reg[63]_i_10/O[0]
                         net (fo=128, routed)         0.894    14.875    u_pqm_pl_top/u_measurement_core/u_time_parameters_initiator/u_power_metrics_calc/u_apparent_square_multiplier/O[0]
    SLICE_X98Y54         LUT1 (Prop_lut1_I0_O)        0.241    15.116 r  u_pqm_pl_top/u_measurement_core/u_time_parameters_initiator/u_power_metrics_calc/u_apparent_square_multiplier/radicand_reg[3]_i_2/O
                         net (fo=1, routed)           0.382    15.499    u_pqm_pl_top/u_measurement_core/u_time_parameters_initiator/u_power_metrics_calc/u_apparent_square_multiplier/radicand_reg[3]_i_2_n_0
    SLICE_X96Y53         CARRY4 (Prop_carry4_CYINIT_CO[3])
                                                      0.675    16.174 r  u_pqm_pl_top/u_measurement_core/u_time_parameters_initiator/u_power_metrics_calc/u_apparent_square_multiplier/radicand_reg_reg[3]_i_1/CO[3]
                         net (fo=1, routed)           0.000    16.174    u_pqm_pl_top/u_measurement_core/u_time_parameters_initiator/u_power_metrics_calc/u_apparent_square_multiplier/radicand_reg_reg[3]_i_1_n_0
    SLICE_X96Y54         CARRY4 (Prop_carry4_CI_CO[3])
                                                      0.100    16.274 r  u_pqm_pl_top/u_measurement_core/u_time_parameters_initiator/u_power_metrics_calc/u_apparent_square_multiplier/radicand_reg_reg[7]_i_1/CO[3]
                         net (fo=1, routed)           0.000    16.274    u_pqm_pl_top/u_measurement_core/u_time_parameters_initiator/u_power_metrics_calc/u_apparent_square_multiplier/radicand_reg_reg[7]_i_1_n_0
    SLICE_X96Y55         CARRY4 (Prop_carry4_CI_CO[3])
                                                      0.100    16.374 r  u_pqm_pl_top/u_measurement_core/u_time_parameters_initiator/u_power_metrics_calc/u_apparent_square_multiplier/radicand_reg_reg[11]_i_1/CO[3]
                         net (fo=1, routed)           0.000    16.374    u_pqm_pl_top/u_measurement_core/u_time_parameters_initiator/u_power_metrics_calc/u_apparent_square_multiplier/radicand_reg_reg[11]_i_1_n_0
    SLICE_X96Y56         CARRY4 (Prop_carry4_CI_CO[3])
                                                      0.100    16.474 r  u_pqm_pl_top/u_measurement_core/u_time_parameters_initiator/u_power_metrics_calc/u_apparent_square_multiplier/radicand_reg_reg[15]_i_1/CO[3]
                         net (fo=1, routed)           0.000    16.474    u_pqm_pl_top/u_measurement_core/u_time_parameters_initiator/u_power_metrics_calc/u_apparent_square_multiplier/radicand_reg_reg[15]_i_1_n_0
    SLICE_X96Y57         CARRY4 (Prop_carry4_CI_CO[3])
                                                      0.100    16.574 r  u_pqm_pl_top/u_measurement_core/u_time_parameters_initiator/u_power_metrics_calc/u_apparent_square_multiplier/radicand_reg_reg[19]_i_1/CO[3]
                         net (fo=1, routed)           0.000    16.574    u_pqm_pl_top/u_measurement_core/u_time_parameters_initiator/u_power_metrics_calc/u_apparent_square_multiplier/radicand_reg_reg[19]_i_1_n_0
    SLICE_X96Y58         CARRY4 (Prop_carry4_CI_CO[3])
                                                      0.100    16.674 r  u_pqm_pl_top/u_measurement_core/u_time_parameters_initiator/u_power_metrics_calc/u_apparent_square_multiplier/radicand_reg_reg[23]_i_1/CO[3]
                         net (fo=1, routed)           0.000    16.674    u_pqm_pl_top/u_measurement_core/u_time_parameters_initiator/u_power_metrics_calc/u_apparent_square_multiplier/radicand_reg_reg[23]_i_1_n_0
    SLICE_X96Y59         CARRY4 (Prop_carry4_CI_CO[3])
                                                      0.100    16.774 r  u_pqm_pl_top/u_measurement_core/u_time_parameters_initiator/u_power_metrics_calc/u_apparent_square_multiplier/radicand_reg_reg[27]_i_1/CO[3]
                         net (fo=1, routed)           0.000    16.774    u_pqm_pl_top/u_measurement_core/u_time_parameters_initiator/u_power_metrics_calc/u_apparent_square_multiplier/radicand_reg_reg[27]_i_1_n_0
    SLICE_X96Y60         CARRY4 (Prop_carry4_CI_CO[3])
                                                      0.100    16.874 r  u_pqm_pl_top/u_measurement_core/u_time_parameters_initiator/u_power_metrics_calc/u_apparent_square_multiplier/radicand_reg_reg[31]_i_1/CO[3]
                         net (fo=1, routed)           0.000    16.874    u_pqm_pl_top/u_measurement_core/u_time_parameters_initiator/u_power_metrics_calc/u_apparent_square_multiplier/radicand_reg_reg[31]_i_1_n_0
    SLICE_X96Y61         CARRY4 (Prop_carry4_CI_CO[3])
                                                      0.100    16.974 r  u_pqm_pl_top/u_measurement_core/u_time_parameters_initiator/u_power_metrics_calc/u_apparent_square_multiplier/radicand_reg_reg[35]_i_1/CO[3]
                         net (fo=1, routed)           0.000    16.974    u_pqm_pl_top/u_measurement_core/u_time_parameters_initiator/u_power_metrics_calc/u_apparent_square_multiplier/radicand_reg_reg[35]_i_1_n_0
    SLICE_X96Y62         CARRY4 (Prop_carry4_CI_CO[3])
                                                      0.100    17.074 r  u_pqm_pl_top/u_measurement_core/u_time_parameters_initiator/u_power_metrics_calc/u_apparent_square_multiplier/radicand_reg_reg[39]_i_1/CO[3]
                         net (fo=1, routed)           0.000    17.074    u_pqm_pl_top/u_measurement_core/u_time_parameters_initiator/u_power_metrics_calc/u_apparent_square_multiplier/radicand_reg_reg[39]_i_1_n_0
    SLICE_X96Y63         CARRY4 (Prop_carry4_CI_CO[3])
                                                      0.100    17.174 r  u_pqm_pl_top/u_measurement_core/u_time_parameters_initiator/u_power_metrics_calc/u_apparent_square_multiplier/radicand_reg_reg[43]_i_1/CO[3]
                         net (fo=1, routed)           0.000    17.174    u_pqm_pl_top/u_measurement_core/u_time_parameters_initiator/u_power_metrics_calc/u_apparent_square_multiplier/radicand_reg_reg[43]_i_1_n_0
    SLICE_X96Y64         CARRY4 (Prop_carry4_CI_CO[3])
                                                      0.100    17.274 r  u_pqm_pl_top/u_measurement_core/u_time_parameters_initiator/u_power_metrics_calc/u_apparent_square_multiplier/radicand_reg_reg[47]_i_1/CO[3]
                         net (fo=1, routed)           0.000    17.274    u_pqm_pl_top/u_measurement_core/u_time_parameters_initiator/u_power_metrics_calc/u_apparent_square_multiplier/radicand_reg_reg[47]_i_1_n_0
    SLICE_X96Y65         CARRY4 (Prop_carry4_CI_CO[3])
                                                      0.100    17.374 r  u_pqm_pl_top/u_measurement_core/u_time_parameters_initiator/u_power_metrics_calc/u_apparent_square_multiplier/radicand_reg_reg[51]_i_1/CO[3]
                         net (fo=1, routed)           0.000    17.374    u_pqm_pl_top/u_measurement_core/u_time_parameters_initiator/u_power_metrics_calc/u_apparent_square_multiplier/radicand_reg_reg[51]_i_1_n_0
    SLICE_X96Y66         CARRY4 (Prop_carry4_CI_CO[3])
                                                      0.100    17.474 r  u_pqm_pl_top/u_measurement_core/u_time_parameters_initiator/u_power_metrics_calc/u_apparent_square_multiplier/radicand_reg_reg[55]_i_1/CO[3]
                         net (fo=1, routed)           0.000    17.474    u_pqm_pl_top/u_measurement_core/u_time_parameters_initiator/u_power_metrics_calc/u_apparent_square_multiplier/radicand_reg_reg[55]_i_1_n_0
    SLICE_X96Y67         CARRY4 (Prop_carry4_CI_CO[3])
                                                      0.100    17.574 r  u_pqm_pl_top/u_measurement_core/u_time_parameters_initiator/u_power_metrics_calc/u_apparent_square_multiplier/radicand_reg_reg[59]_i_1/CO[3]
                         net (fo=1, routed)           0.000    17.574    u_pqm_pl_top/u_measurement_core/u_time_parameters_initiator/u_power_metrics_calc/u_apparent_square_multiplier/radicand_reg_reg[59]_i_1_n_0
    SLICE_X96Y68         CARRY4 (Prop_carry4_CI_O[3])
                                                      0.262    17.836 r  u_pqm_pl_top/u_measurement_core/u_time_parameters_initiator/u_power_metrics_calc/u_apparent_square_multiplier/radicand_reg_reg[63]_i_2/O[3]
                         net (fo=1, routed)           0.000    17.836    u_pqm_pl_top/u_measurement_core/u_time_parameters_initiator/u_power_metrics_calc/u_reactive_q_sqrt/radicand[63]
    SLICE_X96Y68         FDCE                                         r  u_pqm_pl_top/u_measurement_core/u_time_parameters_initiator/u_power_metrics_calc/u_reactive_q_sqrt/radicand_reg_reg[63]/D
  -------------------------------------------------------------------    -------------------

                         (clock clk_out1_clk_wiz_0 rise edge)
                                                     20.000    20.000 r  
    U18                                               0.000    20.000 r  sys_clk (IN)
                         net (fo=0)                   0.000    20.000    u_clk_wiz_0/inst/clk_in1
    U18                  IBUF (Prop_ibuf_I_O)         1.363    21.363 r  u_clk_wiz_0/inst/clkin1_ibufg/O
                         net (fo=1, routed)           1.004    22.367    u_clk_wiz_0/inst/clk_in1_clk_wiz_0
    MMCME2_ADV_X1Y1      MMCME2_ADV (Prop_mmcme2_adv_CLKIN1_CLKOUT0)
                                                     -6.242    16.125 r  u_clk_wiz_0/inst/mmcm_adv_inst/CLKOUT0
                         net (fo=1, routed)           1.454    17.580    u_clk_wiz_0/inst/clk_out1_clk_wiz_0
    BUFGCTRL_X0Y17       BUFG (Prop_bufg_I_O)         0.077    17.657 r  u_clk_wiz_0/inst/clkout1_buf/O
                         net (fo=14136, routed)       1.338    18.995    u_pqm_pl_top/u_measurement_core/u_time_parameters_initiator/u_power_metrics_calc/u_reactive_q_sqrt/clk_out1
    SLICE_X96Y68         FDCE                                         r  u_pqm_pl_top/u_measurement_core/u_time_parameters_initiator/u_power_metrics_calc/u_reactive_q_sqrt/radicand_reg_reg[63]/C
                         clock pessimism              0.318    19.312    
                         clock uncertainty           -0.104    19.209    
    SLICE_X96Y68         FDCE (Setup_fdce_C_D)        0.101    19.310    u_pqm_pl_top/u_measurement_core/u_time_parameters_initiator/u_power_metrics_calc/u_reactive_q_sqrt/radicand_reg_reg[63]
  -------------------------------------------------------------------
                         required time                         19.310    
                         arrival time                         -17.836    
  -------------------------------------------------------------------
                         slack                                  1.474    





Min Delay Paths
--------------------------------------------------------------------------------------
Slack (MET) :             0.036ns  (arrival time - required time)
  Source:                 u_pqm_pl_top/u_measurement_core/u_time_x100_normalizer/u_u2_rms_raw_to_x100/u_scale_divider/quotient_reg[13]/C
                            (rising edge-triggered cell FDCE clocked by clk_out1_clk_wiz_0  {rise@0.000ns fall@10.000ns period=20.000ns})
  Destination:            u_pqm_pl_top/u_measurement_core/u_time_x100_normalizer/u_u2_rms_raw_to_x100/value_x100_reg[13]/D
                            (rising edge-triggered cell FDCE clocked by clk_out1_clk_wiz_0  {rise@0.000ns fall@10.000ns period=20.000ns})
  Path Group:             clk_out1_clk_wiz_0
  Path Type:              Hold (Min at Fast Process Corner)
  Requirement:            0.000ns  (clk_out1_clk_wiz_0 rise@0.000ns - clk_out1_clk_wiz_0 rise@0.000ns)
  Data Path Delay:        0.440ns  (logic 0.207ns (47.048%)  route 0.233ns (52.952%))
  Logic Levels:           1  (LUT2=1)
  Clock Path Skew:        0.273ns (DCD - SCD - CPR)
    Destination Clock Delay (DCD):    -0.862ns
    Source Clock Delay      (SCD):    -0.626ns
    Clock Pessimism Removal (CPR):    -0.509ns

    Location             Delay type                Incr(ns)  Path(ns)    Netlist Resource(s)
  -------------------------------------------------------------------    -------------------
                         (clock clk_out1_clk_wiz_0 rise edge)
                                                      0.000     0.000 r  
    U18                                               0.000     0.000 r  sys_clk (IN)
                         net (fo=0)                   0.000     0.000    u_clk_wiz_0/inst/clk_in1
    U18                  IBUF (Prop_ibuf_I_O)         0.266     0.266 r  u_clk_wiz_0/inst/clkin1_ibufg/O
                         net (fo=1, routed)           0.440     0.706    u_clk_wiz_0/inst/clk_in1_clk_wiz_0
    MMCME2_ADV_X1Y1      MMCME2_ADV (Prop_mmcme2_adv_CLKIN1_CLKOUT0)
                                                     -2.444    -1.737 r  u_clk_wiz_0/inst/mmcm_adv_inst/CLKOUT0
                         net (fo=1, routed)           0.529    -1.208    u_clk_wiz_0/inst/clk_out1_clk_wiz_0
    BUFGCTRL_X0Y17       BUFG (Prop_bufg_I_O)         0.026    -1.182 r  u_clk_wiz_0/inst/clkout1_buf/O
                         net (fo=14136, routed)       0.557    -0.626    u_pqm_pl_top/u_measurement_core/u_time_x100_normalizer/u_u2_rms_raw_to_x100/u_scale_divider/clk_out1
    SLICE_X46Y50         FDCE                                         r  u_pqm_pl_top/u_measurement_core/u_time_x100_normalizer/u_u2_rms_raw_to_x100/u_scale_divider/quotient_reg[13]/C
  -------------------------------------------------------------------    -------------------
    SLICE_X46Y50         FDCE (Prop_fdce_C_Q)         0.164    -0.462 r  u_pqm_pl_top/u_measurement_core/u_time_x100_normalizer/u_u2_rms_raw_to_x100/u_scale_divider/quotient_reg[13]/Q
                         net (fo=2, routed)           0.233    -0.229    u_pqm_pl_top/u_measurement_core/u_time_x100_normalizer/u_u2_rms_raw_to_x100/u_scale_divider/quotient[13]
    SLICE_X46Y49         LUT2 (Prop_lut2_I0_O)        0.043    -0.186 r  u_pqm_pl_top/u_measurement_core/u_time_x100_normalizer/u_u2_rms_raw_to_x100/u_scale_divider/value_x100[13]_i_1__0/O
                         net (fo=1, routed)           0.000    -0.186    u_pqm_pl_top/u_measurement_core/u_time_x100_normalizer/u_u2_rms_raw_to_x100/u_scale_divider_n_5
    SLICE_X46Y49         FDCE                                         r  u_pqm_pl_top/u_measurement_core/u_time_x100_normalizer/u_u2_rms_raw_to_x100/value_x100_reg[13]/D
  -------------------------------------------------------------------    -------------------

                         (clock clk_out1_clk_wiz_0 rise edge)
                                                      0.000     0.000 r  
    U18                                               0.000     0.000 r  sys_clk (IN)
                         net (fo=0)                   0.000     0.000    u_clk_wiz_0/inst/clk_in1
    U18                  IBUF (Prop_ibuf_I_O)         0.454     0.454 r  u_clk_wiz_0/inst/clkin1_ibufg/O
                         net (fo=1, routed)           0.480     0.934    u_clk_wiz_0/inst/clk_in1_clk_wiz_0
    MMCME2_ADV_X1Y1      MMCME2_ADV (Prop_mmcme2_adv_CLKIN1_CLKOUT0)
                                                     -3.231    -2.297 r  u_clk_wiz_0/inst/mmcm_adv_inst/CLKOUT0
                         net (fo=1, routed)           0.576    -1.721    u_clk_wiz_0/inst/clk_out1_clk_wiz_0
    BUFGCTRL_X0Y17       BUFG (Prop_bufg_I_O)         0.029    -1.692 r  u_clk_wiz_0/inst/clkout1_buf/O
                         net (fo=14136, routed)       0.830    -0.862    u_pqm_pl_top/u_measurement_core/u_time_x100_normalizer/u_u2_rms_raw_to_x100/clk_out1
    SLICE_X46Y49         FDCE                                         r  u_pqm_pl_top/u_measurement_core/u_time_x100_normalizer/u_u2_rms_raw_to_x100/value_x100_reg[13]/C
                         clock pessimism              0.509    -0.352    
    SLICE_X46Y49         FDCE (Hold_fdce_C_D)         0.131    -0.221    u_pqm_pl_top/u_measurement_core/u_time_x100_normalizer/u_u2_rms_raw_to_x100/value_x100_reg[13]
  -------------------------------------------------------------------
                         required time                          0.221    
                         arrival time                          -0.186    
  -------------------------------------------------------------------
                         slack                                  0.036    





Pulse Width Checks
--------------------------------------------------------------------------------------
Clock Name:         clk_out1_clk_wiz_0
Waveform(ns):       { 0.000 10.000 }
Period(ns):         20.000
Sources:            { u_clk_wiz_0/inst/mmcm_adv_inst/CLKOUT0 }

Check Type        Corner  Lib Pin             Reference Pin  Required(ns)  Actual(ns)  Slack(ns)  Location         Pin
Min Period        n/a     RAMB36E1/CLKARDCLK  n/a            2.472         20.000      17.528     RAMB36_X0Y2      u_pqm_pl_top/u_measurement_core/u_freq_analysis/u_freq_harmonic_iir_filter/state_mem_reg_0/CLKARDCLK
Max Period        n/a     MMCME2_ADV/CLKOUT0  n/a            213.360       20.000      193.360    MMCME2_ADV_X1Y1  u_clk_wiz_0/inst/mmcm_adv_inst/CLKOUT0
Low Pulse Width   Slow    RAMD64E/CLK         n/a            1.130         10.000      8.870      SLICE_X46Y8      u_pqm_pl_top/u_measurement_core/u_freq_analysis/u_frontend/u_rfg_u1/memory_reg_0_63_0_2/RAMA/CLK
High Pulse Width  Slow    RAMD64E/CLK         n/a            1.130         10.000      8.870      SLICE_X46Y8      u_pqm_pl_top/u_measurement_core/u_freq_analysis/u_frontend/u_rfg_u1/memory_reg_0_63_0_2/RAMA/CLK



---------------------------------------------------------------------------------------------------
From Clock:  clkfbout_clk_wiz_0
  To Clock:  clkfbout_clk_wiz_0

Setup :           NA  Failing Endpoints,  Worst Slack           NA  ,  Total Violation           NA
Hold  :           NA  Failing Endpoints,  Worst Slack           NA  ,  Total Violation           NA
PW    :            0  Failing Endpoints,  Worst Slack       18.408ns,  Total Violation        0.000ns
---------------------------------------------------------------------------------------------------


Pulse Width Checks
--------------------------------------------------------------------------------------
Clock Name:         clkfbout_clk_wiz_0
Waveform(ns):       { 0.000 10.000 }
Period(ns):         20.000
Sources:            { u_clk_wiz_0/inst/mmcm_adv_inst/CLKFBOUT }

Check Type  Corner  Lib Pin             Reference Pin  Required(ns)  Actual(ns)  Slack(ns)  Location         Pin
Min Period  n/a     BUFG/I              n/a            1.592         20.000      18.408     BUFGCTRL_X0Y18   u_clk_wiz_0/inst/clkf_buf/I
Max Period  n/a     MMCME2_ADV/CLKFBIN  n/a            100.000       20.000      80.000     MMCME2_ADV_X1Y1  u_clk_wiz_0/inst/mmcm_adv_inst/CLKFBIN



---------------------------------------------------------------------------------------------------
From Clock:  system_i/clk_wiz_0/inst/clk_in1
  To Clock:  system_i/clk_wiz_0/inst/clk_in1

Setup :           NA  Failing Endpoints,  Worst Slack           NA  ,  Total Violation           NA
Hold  :           NA  Failing Endpoints,  Worst Slack           NA  ,  Total Violation           NA
PW    :            0  Failing Endpoints,  Worst Slack        3.000ns,  Total Violation        0.000ns
---------------------------------------------------------------------------------------------------


Pulse Width Checks
--------------------------------------------------------------------------------------
Clock Name:         system_i/clk_wiz_0/inst/clk_in1
Waveform(ns):       { 0.000 5.000 }
Period(ns):         10.000
Sources:            { system_i/clk_wiz_0/inst/clk_in1 }

Check Type        Corner  Lib Pin            Reference Pin  Required(ns)  Actual(ns)  Slack(ns)  Location         Pin
Min Period        n/a     MMCME2_ADV/CLKIN1  n/a            1.249         10.000      8.751      MMCME2_ADV_X1Y0  system_i/clk_wiz_0/inst/CLK_CORE_DRP_I/clk_inst/mmcm_adv_inst/CLKIN1
Max Period        n/a     MMCME2_ADV/CLKIN1  n/a            100.000       10.000      90.000     MMCME2_ADV_X1Y0  system_i/clk_wiz_0/inst/CLK_CORE_DRP_I/clk_inst/mmcm_adv_inst/CLKIN1
Low Pulse Width   Slow    MMCME2_ADV/CLKIN1  n/a            2.000         5.000       3.000      MMCME2_ADV_X1Y0  system_i/clk_wiz_0/inst/CLK_CORE_DRP_I/clk_inst/mmcm_adv_inst/CLKIN1
High Pulse Width  Slow    MMCME2_ADV/CLKIN1  n/a            2.000         5.000       3.000      MMCME2_ADV_X1Y0  system_i/clk_wiz_0/inst/CLK_CORE_DRP_I/clk_inst/mmcm_adv_inst/CLKIN1



---------------------------------------------------------------------------------------------------
From Clock:  clk_out1_system_clk_wiz_0_0
  To Clock:  clk_out1_system_clk_wiz_0_0

Setup :            0  Failing Endpoints,  Worst Slack       18.526ns,  Total Violation        0.000ns
Hold  :            0  Failing Endpoints,  Worst Slack        0.070ns,  Total Violation        0.000ns
PW    :            0  Failing Endpoints,  Worst Slack       14.146ns,  Total Violation        0.000ns
---------------------------------------------------------------------------------------------------


Max Delay Paths
--------------------------------------------------------------------------------------
Slack (MET) :             18.526ns  (required time - arrival time)
  Source:                 system_i/v_tc_0/U0/U_VIDEO_CTRL/AXI4_LITE_INTERFACE.soft_resetn_reg/C
                            (rising edge-triggered cell FDRE clocked by clk_out1_system_clk_wiz_0_0  {rise@0.000ns fall@15.000ns period=30.000ns})
  Destination:            system_i/v_tc_0/U0/U_VIDEO_CTRL/GEN_HAS_IRQ.intr_err_clr_d_reg[17]/R
                            (rising edge-triggered cell FDRE clocked by clk_out1_system_clk_wiz_0_0  {rise@0.000ns fall@15.000ns period=30.000ns})
  Path Group:             clk_out1_system_clk_wiz_0_0
  Path Type:              Setup (Max at Slow Process Corner)
  Requirement:            30.000ns  (clk_out1_system_clk_wiz_0_0 rise@30.000ns - clk_out1_system_clk_wiz_0_0 rise@0.000ns)
  Data Path Delay:        10.954ns  (logic 0.484ns (4.418%)  route 10.470ns (95.582%))
  Logic Levels:           1  (LUT1=1)
  Clock Path Skew:        -0.078ns (DCD - SCD + CPR)
    Destination Clock Delay (DCD):    1.442ns = ( 31.442 - 30.000 ) 
    Source Clock Delay      (SCD):    1.547ns
    Clock Pessimism Removal (CPR):    0.027ns
  Clock Uncertainty:      0.090ns  ((TSJ^2 + DJ^2)^1/2) / 2 + PE
    Total System Jitter     (TSJ):    0.071ns
    Discrete Jitter          (DJ):    0.166ns
    Phase Error              (PE):    0.000ns

    Location             Delay type                Incr(ns)  Path(ns)    Netlist Resource(s)
  -------------------------------------------------------------------    -------------------
                         (clock clk_out1_system_clk_wiz_0_0 rise edge)
                                                      0.000     0.000 r  
    BUFGCTRL_X0Y16       BUFG                         0.000     0.000 r  system_i/processing_system7_0/inst/buffer_fclk_clk_0.FCLK_CLK_0_BUFG/O
                         net (fo=7300, routed)        1.552     1.552    system_i/clk_wiz_0/inst/CLK_CORE_DRP_I/clk_inst/clk_in1
    MMCME2_ADV_X1Y0      MMCME2_ADV (Prop_mmcme2_adv_CLKIN1_CLKOUT0)
                                                     -3.232    -1.680 r  system_i/clk_wiz_0/inst/CLK_CORE_DRP_I/clk_inst/mmcm_adv_inst/CLKOUT0
                         net (fo=1, routed)           1.597    -0.083    system_i/clk_wiz_0/inst/CLK_CORE_DRP_I/clk_inst/clk_out1_system_clk_wiz_0_0
    BUFGCTRL_X0Y0        BUFG (Prop_bufg_I_O)         0.085     0.002 r  system_i/clk_wiz_0/inst/CLK_CORE_DRP_I/clk_inst/clkout1_buf/O
                         net (fo=2664, routed)        1.545     1.547    system_i/v_tc_0/U0/U_VIDEO_CTRL/vid_aclk
    SLICE_X39Y126        FDRE                                         r  system_i/v_tc_0/U0/U_VIDEO_CTRL/AXI4_LITE_INTERFACE.soft_resetn_reg/C
  -------------------------------------------------------------------    -------------------
    SLICE_X39Y126        FDRE (Prop_fdre_C_Q)         0.379     1.926 f  system_i/v_tc_0/U0/U_VIDEO_CTRL/AXI4_LITE_INTERFACE.soft_resetn_reg/Q
                         net (fo=65, routed)          0.678     2.604    system_i/v_tc_0/U0/U_VIDEO_CTRL/resetn_out
    SLICE_X34Y126        LUT1 (Prop_lut1_I0_O)        0.105     2.709 r  system_i/v_tc_0/U0/U_VIDEO_CTRL/GEN_HAS_IRQ.irq_i_1/O
                         net (fo=1131, routed)        9.792    12.501    system_i/v_tc_0/U0/U_VIDEO_CTRL/GEN_HAS_IRQ.irq_i_1_n_0
    SLICE_X65Y116        FDRE                                         r  system_i/v_tc_0/U0/U_VIDEO_CTRL/GEN_HAS_IRQ.intr_err_clr_d_reg[17]/R
  -------------------------------------------------------------------    -------------------

                         (clock clk_out1_system_clk_wiz_0_0 rise edge)
                                                     30.000    30.000 r  
    BUFGCTRL_X0Y16       BUFG                         0.000    30.000 r  system_i/processing_system7_0/inst/buffer_fclk_clk_0.FCLK_CLK_0_BUFG/O
                         net (fo=7300, routed)        1.386    31.386    system_i/clk_wiz_0/inst/CLK_CORE_DRP_I/clk_inst/clk_in1
    MMCME2_ADV_X1Y0      MMCME2_ADV (Prop_mmcme2_adv_CLKIN1_CLKOUT0)
                                                     -2.915    28.470 r  system_i/clk_wiz_0/inst/CLK_CORE_DRP_I/clk_inst/mmcm_adv_inst/CLKOUT0
                         net (fo=1, routed)           1.454    29.925    system_i/clk_wiz_0/inst/CLK_CORE_DRP_I/clk_inst/clk_out1_system_clk_wiz_0_0
    BUFGCTRL_X0Y0        BUFG (Prop_bufg_I_O)         0.077    30.002 r  system_i/clk_wiz_0/inst/CLK_CORE_DRP_I/clk_inst/clkout1_buf/O
                         net (fo=2664, routed)        1.440    31.442    system_i/v_tc_0/U0/U_VIDEO_CTRL/vid_aclk
    SLICE_X65Y116        FDRE                                         r  system_i/v_tc_0/U0/U_VIDEO_CTRL/GEN_HAS_IRQ.intr_err_clr_d_reg[17]/C
                         clock pessimism              0.027    31.469    
                         clock uncertainty           -0.090    31.379    
    SLICE_X65Y116        FDRE (Setup_fdre_C_R)       -0.352    31.027    system_i/v_tc_0/U0/U_VIDEO_CTRL/GEN_HAS_IRQ.intr_err_clr_d_reg[17]
  -------------------------------------------------------------------
                         required time                         31.027    
                         arrival time                         -12.501    
  -------------------------------------------------------------------
                         slack                                 18.526    





Min Delay Paths
--------------------------------------------------------------------------------------
Slack (MET) :             0.070ns  (arrival time - required time)
  Source:                 system_i/v_tc_0/U0/U_VIDEO_CTRL/AXI4_LITE_INTERFACE.core_control_regs_int_reg[3][0]/C
                            (rising edge-triggered cell FDRE clocked by clk_out1_system_clk_wiz_0_0  {rise@0.000ns fall@15.000ns period=30.000ns})
  Destination:            system_i/v_tc_0/U0/U_VIDEO_CTRL/AXI4_LITE_INTERFACE.CORE_MUX0/GEN_TREE.GEN_BRANCH[3].GEN_MUX_REG.data_out_reg_reg[3][0]/D
                            (rising edge-triggered cell FDRE clocked by clk_out1_system_clk_wiz_0_0  {rise@0.000ns fall@15.000ns period=30.000ns})
  Path Group:             clk_out1_system_clk_wiz_0_0
  Path Type:              Hold (Min at Fast Process Corner)
  Requirement:            0.000ns  (clk_out1_system_clk_wiz_0_0 rise@0.000ns - clk_out1_system_clk_wiz_0_0 rise@0.000ns)
  Data Path Delay:        0.439ns  (logic 0.248ns (56.452%)  route 0.191ns (43.548%))
  Logic Levels:           2  (LUT6=1 MUXF7=1)
  Clock Path Skew:        0.264ns (DCD - SCD - CPR)
    Destination Clock Delay (DCD):    0.907ns
    Source Clock Delay      (SCD):    0.634ns
    Clock Pessimism Removal (CPR):    0.009ns

    Location             Delay type                Incr(ns)  Path(ns)    Netlist Resource(s)
  -------------------------------------------------------------------    -------------------
                         (clock clk_out1_system_clk_wiz_0_0 rise edge)
                                                      0.000     0.000 r  
    BUFGCTRL_X0Y16       BUFG                         0.000     0.000 r  system_i/processing_system7_0/inst/buffer_fclk_clk_0.FCLK_CLK_0_BUFG/O
                         net (fo=7300, routed)        0.597     0.597    system_i/clk_wiz_0/inst/CLK_CORE_DRP_I/clk_inst/clk_in1
    MMCME2_ADV_X1Y0      MMCME2_ADV (Prop_mmcme2_adv_CLKIN1_CLKOUT0)
                                                     -1.150    -0.553 r  system_i/clk_wiz_0/inst/CLK_CORE_DRP_I/clk_inst/mmcm_adv_inst/CLKOUT0
                         net (fo=1, routed)           0.529    -0.024    system_i/clk_wiz_0/inst/CLK_CORE_DRP_I/clk_inst/clk_out1_system_clk_wiz_0_0
    BUFGCTRL_X0Y0        BUFG (Prop_bufg_I_O)         0.026     0.002 r  system_i/clk_wiz_0/inst/CLK_CORE_DRP_I/clk_inst/clkout1_buf/O
                         net (fo=2664, routed)        0.632     0.634    system_i/v_tc_0/U0/U_VIDEO_CTRL/vid_aclk
    SLICE_X52Y115        FDRE                                         r  system_i/v_tc_0/U0/U_VIDEO_CTRL/AXI4_LITE_INTERFACE.core_control_regs_int_reg[3][0]/C
  -------------------------------------------------------------------    -------------------
    SLICE_X52Y115        FDRE (Prop_fdre_C_Q)         0.141     0.775 r  system_i/v_tc_0/U0/U_VIDEO_CTRL/AXI4_LITE_INTERFACE.core_control_regs_int_reg[3][0]/Q
                         net (fo=1, routed)           0.191     0.966    system_i/v_tc_0/U0/U_VIDEO_CTRL/AXI4_LITE_INTERFACE.GENR_MUX0/core_regs[54]
    SLICE_X49Y116        LUT6 (Prop_lut6_I0_O)        0.045     1.011 r  system_i/v_tc_0/U0/U_VIDEO_CTRL/AXI4_LITE_INTERFACE.GENR_MUX0/GEN_TREE.GEN_BRANCH[3].GEN_MUX_REG.data_out_reg[3][0]_i_2__0/O
                         net (fo=1, routed)           0.000     1.011    system_i/v_tc_0/U0/U_VIDEO_CTRL/AXI4_LITE_INTERFACE.GENR_MUX0/GEN_TREE.GEN_BRANCH[3].GEN_MUX_REG.data_out_reg[3][0]_i_2__0_n_0
    SLICE_X49Y116        MUXF7 (Prop_muxf7_I0_O)      0.062     1.073 r  system_i/v_tc_0/U0/U_VIDEO_CTRL/AXI4_LITE_INTERFACE.GENR_MUX0/GEN_TREE.GEN_BRANCH[3].GEN_MUX_REG.data_out_reg_reg[3][0]_i_1__0/O
                         net (fo=1, routed)           0.000     1.073    system_i/v_tc_0/U0/U_VIDEO_CTRL/AXI4_LITE_INTERFACE.CORE_MUX0/GEN_TREE.GEN_BRANCH[3].GEN_MUX_REG.data_out_reg_reg[3][0]_0
    SLICE_X49Y116        FDRE                                         r  system_i/v_tc_0/U0/U_VIDEO_CTRL/AXI4_LITE_INTERFACE.CORE_MUX0/GEN_TREE.GEN_BRANCH[3].GEN_MUX_REG.data_out_reg_reg[3][0]/D
  -------------------------------------------------------------------    -------------------

                         (clock clk_out1_system_clk_wiz_0_0 rise edge)
                                                      0.000     0.000 r  
    BUFGCTRL_X0Y16       BUFG                         0.000     0.000 r  system_i/processing_system7_0/inst/buffer_fclk_clk_0.FCLK_CLK_0_BUFG/O
                         net (fo=7300, routed)        0.864     0.864    system_i/clk_wiz_0/inst/CLK_CORE_DRP_I/clk_inst/clk_in1
    MMCME2_ADV_X1Y0      MMCME2_ADV (Prop_mmcme2_adv_CLKIN1_CLKOUT0)
                                                     -1.467    -0.603 r  system_i/clk_wiz_0/inst/CLK_CORE_DRP_I/clk_inst/mmcm_adv_inst/CLKOUT0
                         net (fo=1, routed)           0.576    -0.027    system_i/clk_wiz_0/inst/CLK_CORE_DRP_I/clk_inst/clk_out1_system_clk_wiz_0_0
    BUFGCTRL_X0Y0        BUFG (Prop_bufg_I_O)         0.029     0.002 r  system_i/clk_wiz_0/inst/CLK_CORE_DRP_I/clk_inst/clkout1_buf/O
                         net (fo=2664, routed)        0.905     0.907    system_i/v_tc_0/U0/U_VIDEO_CTRL/AXI4_LITE_INTERFACE.CORE_MUX0/vid_aclk
    SLICE_X49Y116        FDRE                                         r  system_i/v_tc_0/U0/U_VIDEO_CTRL/AXI4_LITE_INTERFACE.CORE_MUX0/GEN_TREE.GEN_BRANCH[3].GEN_MUX_REG.data_out_reg_reg[3][0]/C
                         clock pessimism             -0.009     0.898    
    SLICE_X49Y116        FDRE (Hold_fdre_C_D)         0.105     1.003    system_i/v_tc_0/U0/U_VIDEO_CTRL/AXI4_LITE_INTERFACE.CORE_MUX0/GEN_TREE.GEN_BRANCH[3].GEN_MUX_REG.data_out_reg_reg[3][0]
  -------------------------------------------------------------------
                         required time                         -1.003    
                         arrival time                           1.073    
  -------------------------------------------------------------------
                         slack                                  0.070    





Pulse Width Checks
--------------------------------------------------------------------------------------
Clock Name:         clk_out1_system_clk_wiz_0_0
Waveform(ns):       { 0.000 15.000 }
Period(ns):         30.000
Sources:            { system_i/clk_wiz_0/inst/CLK_CORE_DRP_I/clk_inst/mmcm_adv_inst/CLKOUT0 }

Check Type        Corner  Lib Pin             Reference Pin  Required(ns)  Actual(ns)  Slack(ns)  Location         Pin
Min Period        n/a     RAMB36E1/CLKBWRCLK  n/a            2.170         30.000      27.830     RAMB36_X0Y6      system_i/v_axi4s_vid_out_0/inst/COUPLER_INST/generate_async_fifo.FIFO_INST/XPM_FIFO_ASYNC_INST/gnuram_async_fifo.xpm_fifo_base_inst/gen_sdpram.xpm_memory_base_inst/gen_wr_a.gen_word_narrow.mem_reg/CLKBWRCLK
Max Period        n/a     MMCME2_ADV/CLKOUT0  n/a            213.360       30.000      183.360    MMCME2_ADV_X1Y0  system_i/clk_wiz_0/inst/CLK_CORE_DRP_I/clk_inst/mmcm_adv_inst/CLKOUT0
Low Pulse Width   Slow    SRL16E/CLK          n/a            0.854         15.000      14.146     SLICE_X38Y117    system_i/v_tc_0/U0/U_TC_TOP/detect_en_d_reg[1]_srl2___U_TC_TOP_detect_en_d_reg_r_0/CLK
High Pulse Width  Slow    SRL16E/CLK          n/a            0.854         15.000      14.146     SLICE_X38Y117    system_i/v_tc_0/U0/U_TC_TOP/detect_en_d_reg[1]_srl2___U_TC_TOP_detect_en_d_reg_r_0/CLK



---------------------------------------------------------------------------------------------------
From Clock:  clkfbout_system_clk_wiz_0_0
  To Clock:  clkfbout_system_clk_wiz_0_0

Setup :           NA  Failing Endpoints,  Worst Slack           NA  ,  Total Violation           NA
Hold  :           NA  Failing Endpoints,  Worst Slack           NA  ,  Total Violation           NA
PW    :            0  Failing Endpoints,  Worst Slack        8.408ns,  Total Violation        0.000ns
---------------------------------------------------------------------------------------------------


Pulse Width Checks
--------------------------------------------------------------------------------------
Clock Name:         clkfbout_system_clk_wiz_0_0
Waveform(ns):       { 0.000 5.000 }
Period(ns):         10.000
Sources:            { system_i/clk_wiz_0/inst/CLK_CORE_DRP_I/clk_inst/mmcm_adv_inst/CLKFBOUT }

Check Type  Corner  Lib Pin             Reference Pin  Required(ns)  Actual(ns)  Slack(ns)  Location         Pin
Min Period  n/a     BUFG/I              n/a            1.592         10.000      8.408      BUFGCTRL_X0Y1    system_i/clk_wiz_0/inst/CLK_CORE_DRP_I/clk_inst/clkf_buf/I
Max Period  n/a     MMCME2_ADV/CLKFBIN  n/a            100.000       10.000      90.000     MMCME2_ADV_X1Y0  system_i/clk_wiz_0/inst/CLK_CORE_DRP_I/clk_inst/mmcm_adv_inst/CLKFBIN



---------------------------------------------------------------------------------------------------
From Clock:  clk_out1_system_clk_wiz_0_0
  To Clock:  clk_fpga_0

Setup :            0  Failing Endpoints,  Worst Slack       28.365ns,  Total Violation        0.000ns
Hold  :           NA  Failing Endpoints,  Worst Slack           NA  ,  Total Violation           NA
---------------------------------------------------------------------------------------------------


Max Delay Paths
--------------------------------------------------------------------------------------
Slack (MET) :             28.365ns  (required time - arrival time)
  Source:                 system_i/v_tc_0/U0/U_VIDEO_CTRL/AXI4_LITE_INTERFACE.ipif_RdData_reg[20]/C
                            (rising edge-triggered cell FDRE clocked by clk_out1_system_clk_wiz_0_0  {rise@0.000ns fall@15.000ns period=30.000ns})
  Destination:            system_i/v_tc_0/U0/U_VIDEO_CTRL/AXI4_LITE_INTERFACE.SYNC2PROCCLK_I/data_sync_reg[0][20]/D
                            (rising edge-triggered cell FDRE clocked by clk_fpga_0  {rise@0.000ns fall@5.000ns period=10.000ns})
  Path Group:             clk_fpga_0
  Path Type:              Setup (Max at Slow Process Corner)
  Requirement:            30.000ns  (MaxDelay Path 30.000ns)
  Data Path Delay:        1.560ns  (logic 0.433ns (27.754%)  route 1.127ns (72.246%))
  Logic Levels:           0  
  Timing Exception:       MaxDelay Path 30.000ns -datapath_only

    Location             Delay type                Incr(ns)  Path(ns)    Netlist Resource(s)
  -------------------------------------------------------------------    -------------------
    SLICE_X58Y131                                     0.000     0.000 r  system_i/v_tc_0/U0/U_VIDEO_CTRL/AXI4_LITE_INTERFACE.ipif_RdData_reg[20]/C
    SLICE_X58Y131        FDRE (Prop_fdre_C_Q)         0.433     0.433 r  system_i/v_tc_0/U0/U_VIDEO_CTRL/AXI4_LITE_INTERFACE.ipif_RdData_reg[20]/Q
                         net (fo=1, routed)           1.127     1.560    system_i/v_tc_0/U0/U_VIDEO_CTRL/AXI4_LITE_INTERFACE.SYNC2PROCCLK_I/in_data[20]
    SLICE_X53Y108        FDRE                                         r  system_i/v_tc_0/U0/U_VIDEO_CTRL/AXI4_LITE_INTERFACE.SYNC2PROCCLK_I/data_sync_reg[0][20]/D
  -------------------------------------------------------------------    -------------------

                         max delay                   30.000    30.000    
    SLICE_X53Y108        FDRE (Setup_fdre_C_D)       -0.075    29.925    system_i/v_tc_0/U0/U_VIDEO_CTRL/AXI4_LITE_INTERFACE.SYNC2PROCCLK_I/data_sync_reg[0][20]
  -------------------------------------------------------------------
                         required time                         29.925    
                         arrival time                          -1.560    
  -------------------------------------------------------------------
                         slack                                 28.365    





---------------------------------------------------------------------------------------------------
From Clock:  clk_fpga_0
  To Clock:  clk_out1_system_clk_wiz_0_0

Setup :            0  Failing Endpoints,  Worst Slack        8.607ns,  Total Violation        0.000ns
Hold  :           NA  Failing Endpoints,  Worst Slack           NA  ,  Total Violation           NA
---------------------------------------------------------------------------------------------------


Max Delay Paths
--------------------------------------------------------------------------------------
Slack (MET) :             8.607ns  (required time - arrival time)
  Source:                 system_i/v_tc_0/U0/U_VIDEO_CTRL/AXI4_LITE_INTERFACE.proc_sync1_reg[30]/C
                            (rising edge-triggered cell FDRE clocked by clk_fpga_0  {rise@0.000ns fall@5.000ns period=10.000ns})
  Destination:            system_i/v_tc_0/U0/U_VIDEO_CTRL/AXI4_LITE_INTERFACE.SYNC2VIDCLK_I/data_sync_reg[0][30]/D
                            (rising edge-triggered cell FDRE clocked by clk_out1_system_clk_wiz_0_0  {rise@0.000ns fall@15.000ns period=30.000ns})
  Path Group:             clk_out1_system_clk_wiz_0_0
  Path Type:              Setup (Max at Slow Process Corner)
  Requirement:            10.000ns  (MaxDelay Path 10.000ns)
  Data Path Delay:        1.196ns  (logic 0.398ns (33.283%)  route 0.798ns (66.717%))
  Logic Levels:           0  
  Timing Exception:       MaxDelay Path 10.000ns -datapath_only

    Location             Delay type                Incr(ns)  Path(ns)    Netlist Resource(s)
  -------------------------------------------------------------------    -------------------
    SLICE_X32Y122                                     0.000     0.000 r  system_i/v_tc_0/U0/U_VIDEO_CTRL/AXI4_LITE_INTERFACE.proc_sync1_reg[30]/C
    SLICE_X32Y122        FDRE (Prop_fdre_C_Q)         0.398     0.398 r  system_i/v_tc_0/U0/U_VIDEO_CTRL/AXI4_LITE_INTERFACE.proc_sync1_reg[30]/Q
                         net (fo=1, routed)           0.798     1.196    system_i/v_tc_0/U0/U_VIDEO_CTRL/AXI4_LITE_INTERFACE.SYNC2VIDCLK_I/data_sync_reg[0][44]_0[30]
    SLICE_X33Y125        FDRE                                         r  system_i/v_tc_0/U0/U_VIDEO_CTRL/AXI4_LITE_INTERFACE.SYNC2VIDCLK_I/data_sync_reg[0][30]/D
  -------------------------------------------------------------------    -------------------

                         max delay                   10.000    10.000    
    SLICE_X33Y125        FDRE (Setup_fdre_C_D)       -0.197     9.803    system_i/v_tc_0/U0/U_VIDEO_CTRL/AXI4_LITE_INTERFACE.SYNC2VIDCLK_I/data_sync_reg[0][30]
  -------------------------------------------------------------------
                         required time                          9.803    
                         arrival time                          -1.196    
  -------------------------------------------------------------------
                         slack                                  8.607    





---------------------------------------------------------------------------------------------------
Path Group:  **async_default**
From Clock:  clk_fpga_0
  To Clock:  clk_fpga_0

Setup :            0  Failing Endpoints,  Worst Slack        7.829ns,  Total Violation        0.000ns
Hold  :            0  Failing Endpoints,  Worst Slack        0.475ns,  Total Violation        0.000ns
---------------------------------------------------------------------------------------------------


Max Delay Paths
--------------------------------------------------------------------------------------
Slack (MET) :             7.829ns  (required time - arrival time)
  Source:                 system_i/axi_mem_intercon/s00_couplers/auto_pc/inst/gen_axi4_axi3.axi3_conv_inst/USE_READ.USE_SPLIT_R.read_addr_inst/USE_R_CHANNEL.cmd_queue/inst/fifo_gen_inst/inst_fifo_gen/gconvfifo.rf/grf.rf/rstblk/ngwrdrst.grst.g7serrst.gnsckt_wrst.rst_wr_reg2_inst/arststages_ff_reg[1]/C
                            (rising edge-triggered cell FDPE clocked by clk_fpga_0  {rise@0.000ns fall@5.000ns period=10.000ns})
  Destination:            system_i/axi_mem_intercon/s00_couplers/auto_pc/inst/gen_axi4_axi3.axi3_conv_inst/USE_READ.USE_SPLIT_R.read_addr_inst/USE_R_CHANNEL.cmd_queue/inst/fifo_gen_inst/inst_fifo_gen/gconvfifo.rf/grf.rf/gntv_or_sync_fifo.gl0.wr/wpntr/gcc0.gc0.count_reg[0]/PRE
                            (recovery check against rising-edge clock clk_fpga_0  {rise@0.000ns fall@5.000ns period=10.000ns})
  Path Group:             **async_default**
  Path Type:              Recovery (Max at Slow Process Corner)
  Requirement:            10.000ns  (clk_fpga_0 rise@10.000ns - clk_fpga_0 rise@0.000ns)
  Data Path Delay:        1.664ns  (logic 0.590ns (35.455%)  route 1.074ns (64.545%))
  Logic Levels:           1  (LUT3=1)
  Clock Path Skew:        -0.061ns (DCD - SCD + CPR)
    Destination Clock Delay (DCD):    2.310ns = ( 12.310 - 10.000 ) 
    Source Clock Delay      (SCD):    2.564ns
    Clock Pessimism Removal (CPR):    0.193ns
  Clock Uncertainty:      0.154ns  ((TSJ^2 + TIJ^2)^1/2 + DJ) / 2 + PE
    Total System Jitter     (TSJ):    0.071ns
    Total Input Jitter      (TIJ):    0.300ns
    Discrete Jitter          (DJ):    0.000ns
    Phase Error              (PE):    0.000ns

    Location             Delay type                Incr(ns)  Path(ns)    Netlist Resource(s)
  -------------------------------------------------------------------    -------------------
                         (clock clk_fpga_0 rise edge)
                                                      0.000     0.000 r  
    PS7_X0Y0             PS7                          0.000     0.000 r  system_i/processing_system7_0/inst/PS7_i/FCLKCLK[0]
                         net (fo=1, routed)           0.994     0.994    system_i/processing_system7_0/inst/FCLK_CLK_unbuffered[0]
    BUFGCTRL_X0Y16       BUFG (Prop_bufg_I_O)         0.085     1.079 r  system_i/processing_system7_0/inst/buffer_fclk_clk_0.FCLK_CLK_0_BUFG/O
                         net (fo=7300, routed)        1.485     2.564    system_i/axi_mem_intercon/s00_couplers/auto_pc/inst/gen_axi4_axi3.axi3_conv_inst/USE_READ.USE_SPLIT_R.read_addr_inst/USE_R_CHANNEL.cmd_queue/inst/fifo_gen_inst/inst_fifo_gen/gconvfifo.rf/grf.rf/rstblk/ngwrdrst.grst.g7serrst.gnsckt_wrst.rst_wr_reg2_inst/dest_clk
    SLICE_X11Y45         FDPE                                         r  system_i/axi_mem_intercon/s00_couplers/auto_pc/inst/gen_axi4_axi3.axi3_conv_inst/USE_READ.USE_SPLIT_R.read_addr_inst/USE_R_CHANNEL.cmd_queue/inst/fifo_gen_inst/inst_fifo_gen/gconvfifo.rf/grf.rf/rstblk/ngwrdrst.grst.g7serrst.gnsckt_wrst.rst_wr_reg2_inst/arststages_ff_reg[1]/C
  -------------------------------------------------------------------    -------------------
    SLICE_X11Y45         FDPE (Prop_fdpe_C_Q)         0.348     2.912 f  system_i/axi_mem_intercon/s00_couplers/auto_pc/inst/gen_axi4_axi3.axi3_conv_inst/USE_READ.USE_SPLIT_R.read_addr_inst/USE_R_CHANNEL.cmd_queue/inst/fifo_gen_inst/inst_fifo_gen/gconvfifo.rf/grf.rf/rstblk/ngwrdrst.grst.g7serrst.gnsckt_wrst.rst_wr_reg2_inst/arststages_ff_reg[1]/Q
                         net (fo=2, routed)           0.535     3.447    system_i/axi_mem_intercon/s00_couplers/auto_pc/inst/gen_axi4_axi3.axi3_conv_inst/USE_READ.USE_SPLIT_R.read_addr_inst/USE_R_CHANNEL.cmd_queue/inst/fifo_gen_inst/inst_fifo_gen/gconvfifo.rf/grf.rf/rstblk/ngwrdrst.rst_wr_reg2
    SLICE_X10Y46         LUT3 (Prop_lut3_I2_O)        0.242     3.689 f  system_i/axi_mem_intercon/s00_couplers/auto_pc/inst/gen_axi4_axi3.axi3_conv_inst/USE_READ.USE_SPLIT_R.read_addr_inst/USE_R_CHANNEL.cmd_queue/inst/fifo_gen_inst/inst_fifo_gen/gconvfifo.rf/grf.rf/rstblk/gpregsm1.curr_fwft_state[1]_i_2/O
                         net (fo=33, routed)          0.539     4.228    system_i/axi_mem_intercon/s00_couplers/auto_pc/inst/gen_axi4_axi3.axi3_conv_inst/USE_READ.USE_SPLIT_R.read_addr_inst/USE_R_CHANNEL.cmd_queue/inst/fifo_gen_inst/inst_fifo_gen/gconvfifo.rf/grf.rf/gntv_or_sync_fifo.gl0.wr/wpntr/gcc0.gc0.count_d1_reg[0]_0
    SLICE_X8Y48          FDPE                                         f  system_i/axi_mem_intercon/s00_couplers/auto_pc/inst/gen_axi4_axi3.axi3_conv_inst/USE_READ.USE_SPLIT_R.read_addr_inst/USE_R_CHANNEL.cmd_queue/inst/fifo_gen_inst/inst_fifo_gen/gconvfifo.rf/grf.rf/gntv_or_sync_fifo.gl0.wr/wpntr/gcc0.gc0.count_reg[0]/PRE
  -------------------------------------------------------------------    -------------------

                         (clock clk_fpga_0 rise edge)
                                                     10.000    10.000 r  
    PS7_X0Y0             PS7                          0.000    10.000 r  system_i/processing_system7_0/inst/PS7_i/FCLKCLK[0]
                         net (fo=1, routed)           0.905    10.906    system_i/processing_system7_0/inst/FCLK_CLK_unbuffered[0]
    BUFGCTRL_X0Y16       BUFG (Prop_bufg_I_O)         0.077    10.983 r  system_i/processing_system7_0/inst/buffer_fclk_clk_0.FCLK_CLK_0_BUFG/O
                         net (fo=7300, routed)        1.328    12.310    system_i/axi_mem_intercon/s00_couplers/auto_pc/inst/gen_axi4_axi3.axi3_conv_inst/USE_READ.USE_SPLIT_R.read_addr_inst/USE_R_CHANNEL.cmd_queue/inst/fifo_gen_inst/inst_fifo_gen/gconvfifo.rf/grf.rf/gntv_or_sync_fifo.gl0.wr/wpntr/clk
    SLICE_X8Y48          FDPE                                         r  system_i/axi_mem_intercon/s00_couplers/auto_pc/inst/gen_axi4_axi3.axi3_conv_inst/USE_READ.USE_SPLIT_R.read_addr_inst/USE_R_CHANNEL.cmd_queue/inst/fifo_gen_inst/inst_fifo_gen/gconvfifo.rf/grf.rf/gntv_or_sync_fifo.gl0.wr/wpntr/gcc0.gc0.count_reg[0]/C
                         clock pessimism              0.193    12.503    
                         clock uncertainty           -0.154    12.349    
    SLICE_X8Y48          FDPE (Recov_fdpe_C_PRE)     -0.292    12.057    system_i/axi_mem_intercon/s00_couplers/auto_pc/inst/gen_axi4_axi3.axi3_conv_inst/USE_READ.USE_SPLIT_R.read_addr_inst/USE_R_CHANNEL.cmd_queue/inst/fifo_gen_inst/inst_fifo_gen/gconvfifo.rf/grf.rf/gntv_or_sync_fifo.gl0.wr/wpntr/gcc0.gc0.count_reg[0]
  -------------------------------------------------------------------
                         required time                         12.057    
                         arrival time                          -4.228    
  -------------------------------------------------------------------
                         slack                                  7.829    





Min Delay Paths
--------------------------------------------------------------------------------------
Slack (MET) :             0.475ns  (arrival time - required time)
  Source:                 system_i/axi_mem_intercon/s00_couplers/auto_pc/inst/gen_axi4_axi3.axi3_conv_inst/USE_READ.USE_SPLIT_R.read_addr_inst/USE_R_CHANNEL.cmd_queue/inst/fifo_gen_inst/inst_fifo_gen/gconvfifo.rf/grf.rf/rstblk/ngwrdrst.grst.g7serrst.gnsckt_wrst.gcc_rst.sckt_wr_rst_cc_reg[0]/C
                            (rising edge-triggered cell FDRE clocked by clk_fpga_0  {rise@0.000ns fall@5.000ns period=10.000ns})
  Destination:            system_i/axi_mem_intercon/s00_couplers/auto_pc/inst/gen_axi4_axi3.axi3_conv_inst/USE_READ.USE_SPLIT_R.read_addr_inst/USE_R_CHANNEL.cmd_queue/inst/fifo_gen_inst/inst_fifo_gen/gconvfifo.rf/grf.rf/gntv_or_sync_fifo.gl0.rd/gr1.gr1_int.rfwft/gpregsm1.curr_fwft_state_reg[0]/CLR
                            (removal check against rising-edge clock clk_fpga_0  {rise@0.000ns fall@5.000ns period=10.000ns})
  Path Group:             **async_default**
  Path Type:              Removal (Min at Fast Process Corner)
  Requirement:            0.000ns  (clk_fpga_0 rise@0.000ns - clk_fpga_0 rise@0.000ns)
  Data Path Delay:        0.424ns  (logic 0.186ns (43.891%)  route 0.238ns (56.109%))
  Logic Levels:           1  (LUT3=1)
  Clock Path Skew:        0.016ns (DCD - SCD - CPR)
    Destination Clock Delay (DCD):    1.231ns
    Source Clock Delay      (SCD):    0.932ns
    Clock Pessimism Removal (CPR):    0.283ns

    Location             Delay type                Incr(ns)  Path(ns)    Netlist Resource(s)
  -------------------------------------------------------------------    -------------------
                         (clock clk_fpga_0 rise edge)
                                                      0.000     0.000 r  
    PS7_X0Y0             PS7                          0.000     0.000 r  system_i/processing_system7_0/inst/PS7_i/FCLKCLK[0]
                         net (fo=1, routed)           0.310     0.310    system_i/processing_system7_0/inst/FCLK_CLK_unbuffered[0]
    BUFGCTRL_X0Y16       BUFG (Prop_bufg_I_O)         0.026     0.336 r  system_i/processing_system7_0/inst/buffer_fclk_clk_0.FCLK_CLK_0_BUFG/O
                         net (fo=7300, routed)        0.596     0.932    system_i/axi_mem_intercon/s00_couplers/auto_pc/inst/gen_axi4_axi3.axi3_conv_inst/USE_READ.USE_SPLIT_R.read_addr_inst/USE_R_CHANNEL.cmd_queue/inst/fifo_gen_inst/inst_fifo_gen/gconvfifo.rf/grf.rf/rstblk/clk
    SLICE_X11Y46         FDRE                                         r  system_i/axi_mem_intercon/s00_couplers/auto_pc/inst/gen_axi4_axi3.axi3_conv_inst/USE_READ.USE_SPLIT_R.read_addr_inst/USE_R_CHANNEL.cmd_queue/inst/fifo_gen_inst/inst_fifo_gen/gconvfifo.rf/grf.rf/rstblk/ngwrdrst.grst.g7serrst.gnsckt_wrst.gcc_rst.sckt_wr_rst_cc_reg[0]/C
  -------------------------------------------------------------------    -------------------
    SLICE_X11Y46         FDRE (Prop_fdre_C_Q)         0.141     1.072 f  system_i/axi_mem_intercon/s00_couplers/auto_pc/inst/gen_axi4_axi3.axi3_conv_inst/USE_READ.USE_SPLIT_R.read_addr_inst/USE_R_CHANNEL.cmd_queue/inst/fifo_gen_inst/inst_fifo_gen/gconvfifo.rf/grf.rf/rstblk/ngwrdrst.grst.g7serrst.gnsckt_wrst.gcc_rst.sckt_wr_rst_cc_reg[0]/Q
                         net (fo=2, routed)           0.102     1.175    system_i/axi_mem_intercon/s00_couplers/auto_pc/inst/gen_axi4_axi3.axi3_conv_inst/USE_READ.USE_SPLIT_R.read_addr_inst/USE_R_CHANNEL.cmd_queue/inst/fifo_gen_inst/inst_fifo_gen/gconvfifo.rf/grf.rf/rstblk/ngwrdrst.grst.g7serrst.gnsckt_wrst.gcc_rst.sckt_wr_rst_cc[0]
    SLICE_X10Y46         LUT3 (Prop_lut3_I1_O)        0.045     1.220 f  system_i/axi_mem_intercon/s00_couplers/auto_pc/inst/gen_axi4_axi3.axi3_conv_inst/USE_READ.USE_SPLIT_R.read_addr_inst/USE_R_CHANNEL.cmd_queue/inst/fifo_gen_inst/inst_fifo_gen/gconvfifo.rf/grf.rf/rstblk/gpregsm1.curr_fwft_state[1]_i_2/O
                         net (fo=33, routed)          0.136     1.355    system_i/axi_mem_intercon/s00_couplers/auto_pc/inst/gen_axi4_axi3.axi3_conv_inst/USE_READ.USE_SPLIT_R.read_addr_inst/USE_R_CHANNEL.cmd_queue/inst/fifo_gen_inst/inst_fifo_gen/gconvfifo.rf/grf.rf/gntv_or_sync_fifo.gl0.rd/gr1.gr1_int.rfwft/gpregsm1.user_valid_reg_0
    SLICE_X10Y45         FDCE                                         f  system_i/axi_mem_intercon/s00_couplers/auto_pc/inst/gen_axi4_axi3.axi3_conv_inst/USE_READ.USE_SPLIT_R.read_addr_inst/USE_R_CHANNEL.cmd_queue/inst/fifo_gen_inst/inst_fifo_gen/gconvfifo.rf/grf.rf/gntv_or_sync_fifo.gl0.rd/gr1.gr1_int.rfwft/gpregsm1.curr_fwft_state_reg[0]/CLR
  -------------------------------------------------------------------    -------------------

                         (clock clk_fpga_0 rise edge)
                                                      0.000     0.000 r  
    PS7_X0Y0             PS7                          0.000     0.000 r  system_i/processing_system7_0/inst/PS7_i/FCLKCLK[0]
                         net (fo=1, routed)           0.337     0.337    system_i/processing_system7_0/inst/FCLK_CLK_unbuffered[0]
    BUFGCTRL_X0Y16       BUFG (Prop_bufg_I_O)         0.029     0.366 r  system_i/processing_system7_0/inst/buffer_fclk_clk_0.FCLK_CLK_0_BUFG/O
                         net (fo=7300, routed)        0.865     1.231    system_i/axi_mem_intercon/s00_couplers/auto_pc/inst/gen_axi4_axi3.axi3_conv_inst/USE_READ.USE_SPLIT_R.read_addr_inst/USE_R_CHANNEL.cmd_queue/inst/fifo_gen_inst/inst_fifo_gen/gconvfifo.rf/grf.rf/gntv_or_sync_fifo.gl0.rd/gr1.gr1_int.rfwft/clk
    SLICE_X10Y45         FDCE                                         r  system_i/axi_mem_intercon/s00_couplers/auto_pc/inst/gen_axi4_axi3.axi3_conv_inst/USE_READ.USE_SPLIT_R.read_addr_inst/USE_R_CHANNEL.cmd_queue/inst/fifo_gen_inst/inst_fifo_gen/gconvfifo.rf/grf.rf/gntv_or_sync_fifo.gl0.rd/gr1.gr1_int.rfwft/gpregsm1.curr_fwft_state_reg[0]/C
                         clock pessimism             -0.283     0.947    
    SLICE_X10Y45         FDCE (Remov_fdce_C_CLR)     -0.067     0.880    system_i/axi_mem_intercon/s00_couplers/auto_pc/inst/gen_axi4_axi3.axi3_conv_inst/USE_READ.USE_SPLIT_R.read_addr_inst/USE_R_CHANNEL.cmd_queue/inst/fifo_gen_inst/inst_fifo_gen/gconvfifo.rf/grf.rf/gntv_or_sync_fifo.gl0.rd/gr1.gr1_int.rfwft/gpregsm1.curr_fwft_state_reg[0]
  -------------------------------------------------------------------
                         required time                         -0.881    
                         arrival time                           1.355    
  -------------------------------------------------------------------
                         slack                                  0.475    





