Copyright 1986-2022 Xilinx, Inc. All Rights Reserved.
----------------------------------------------------------------------------------------------------------------------------------------------
| Tool Version : Vivado v.2022.2 (win64) Build 3671981 Fri Oct 14 05:00:03 MDT 2022
| Date         : Sun Sep 27 20:20:13 2026
| Host         : DESKTOP-6DUCG5H running 64-bit major release  (build 9200)
| Command      : report_clock_interaction -delay_type max -file C:/Users/zhangtao/Desktop/PQM2/vivado/reports/post_impl_clock_interaction.rpt
| Design       : pqm2_top
| Device       : 7z020-clg400
| Speed File   : -2  PRODUCTION 1.12 2019-11-22
----------------------------------------------------------------------------------------------------------------------------------------------

Clock Interaction Report

Clock Interaction Table
-----------------------

                                                                          WNS                            TNS Failing  TNS Total    WNS Path         Clock-Pair           Inter-Clock              
From Clock                           To Clock                             Clock Edges  WNS(ns)  TNS(ns)    Endpoints    Endpoints  Requirement(ns)  Classification       Constraints              
-----------------------------------  -----------------------------------  -----------  -------  -------  -----------  -----------  ---------------  -------------------  -----------------------  
clk_fpga_0                           clk_fpga_0                           rise - rise     1.19     0.00            0        20446            10.00  Clean                Partial False Path       
clk_fpga_0                           clk_out1_clk_wiz_0                                                            0            1                   Ignored              False Path               
clk_fpga_0                           clk_out1_pqm_ps_clk_wiz_pixel_0      rise - rise     8.80     0.00            0           63            10.00  Ignored              Max Delay Datapath Only  
clk_out1_clk_wiz_0                   clk_fpga_0                           rise - rise    18.78     0.00            0           79            20.00  Ignored              Max Delay Datapath Only  
clk_out1_clk_wiz_0                   clk_out1_clk_wiz_0                   rise - rise     1.65     0.00            0        30821            20.00  Clean                Timed                    
clk_out1_pqm_ps_clk_wiz_pixel_0      clk_fpga_0                           rise - rise    28.38     0.00            0           40            30.00  Ignored              Max Delay Datapath Only  
clk_out1_pqm_ps_clk_wiz_pixel_0      clk_out1_pqm_ps_clk_wiz_pixel_0      rise - rise    14.01     0.00            0         5531            30.00  Clean                Partial False Path       


