Copyright 1986-2022 Xilinx, Inc. All Rights Reserved.
------------------------------------------------------------------------------------------------------------------
| Tool Version     : Vivado v.2022.2 (win64) Build 3671981 Fri Oct 14 05:00:03 MDT 2022
| Date             : Sun Sep 27 20:21:22 2026
| Host             : DESKTOP-6DUCG5H running 64-bit major release  (build 9200)
| Command          : report_power -file C:/Users/zhangtao/Desktop/PQM2/vivado/reports/post_impl_power.rpt
| Design           : pqm2_top
| Device           : xc7z020clg400-2
| Design State     : routed
| Grade            : commercial
| Process          : typical
| Characterization : Production
------------------------------------------------------------------------------------------------------------------

Power Report

Table of Contents
-----------------
1. Summary
1.1 On-Chip Components
1.2 Power Supply Summary
1.3 Confidence Level
2. Settings
2.1 Environment
2.2 Clock Constraints
3. Detailed Reports
3.1 By Hierarchy

1. Summary
----------

+--------------------------+--------------+
| Total On-Chip Power (W)  | 2.109        |
| Design Power Budget (W)  | Unspecified* |
| Power Budget Margin (W)  | NA           |
| Dynamic (W)              | 1.951        |
| Device Static (W)        | 0.158        |
| Effective TJA (C/W)      | 11.5         |
| Max Ambient (C)          | 60.7         |
| Junction Temperature (C) | 49.3         |
| Confidence Level         | Low          |
| Setting File             | ---          |
| Simulation Activity File | ---          |
| Design Nets Matched      | NA           |
+--------------------------+--------------+
* Specify Design Power Budget using, set_operating_conditions -design_power_budget <value in Watts>


1.1 On-Chip Components
----------------------

+--------------------------+-----------+----------+-----------+-----------------+
| On-Chip                  | Power (W) | Used     | Available | Utilization (%) |
+--------------------------+-----------+----------+-----------+-----------------+
| Clocks                   |     0.047 |        9 |       --- |             --- |
| Slice Logic              |     0.033 |    53847 |       --- |             --- |
|   LUT as Logic           |     0.027 |    19644 |     53200 |           36.92 |
|   CARRY4                 |     0.003 |     2029 |     13300 |           15.26 |
|   Register               |     0.001 |    23994 |    106400 |           22.55 |
|   LUT as Distributed RAM |    <0.001 |      454 |     17400 |            2.61 |
|   F7/F8 Muxes            |    <0.001 |      611 |     53200 |            1.15 |
|   LUT as Shift Register  |    <0.001 |      366 |     17400 |            2.10 |
|   Others                 |     0.000 |     1092 |       --- |             --- |
| Signals                  |     0.040 |    43346 |       --- |             --- |
| Block RAM                |     0.041 |       29 |       140 |           20.71 |
| MMCM                     |     0.226 |        2 |         4 |           50.00 |
| DSPs                     |     0.012 |       86 |       220 |           39.09 |
| I/O                      |     0.008 |       66 |       125 |           52.80 |
| PS7                      |     1.545 |        1 |       --- |             --- |
| Static Power             |     0.158 |          |           |                 |
| Total                    |     2.109 |          |           |                 |
+--------------------------+-----------+----------+-----------+-----------------+


1.2 Power Supply Summary
------------------------

+-----------+-------------+-----------+-------------+------------+-------------+-------------+------------+
| Source    | Voltage (V) | Total (A) | Dynamic (A) | Static (A) | Powerup (A) | Budget (A)  | Margin (A) |
+-----------+-------------+-----------+-------------+------------+-------------+-------------+------------+
| Vccint    |       1.000 |     0.189 |       0.170 |      0.019 |       NA    | Unspecified | NA         |
| Vccaux    |       1.800 |     0.142 |       0.125 |      0.017 |       NA    | Unspecified | NA         |
| Vcco33    |       3.300 |     0.003 |       0.002 |      0.001 |       NA    | Unspecified | NA         |
| Vcco25    |       2.500 |     0.000 |       0.000 |      0.000 |       NA    | Unspecified | NA         |
| Vcco18    |       1.800 |     0.000 |       0.000 |      0.000 |       NA    | Unspecified | NA         |
| Vcco15    |       1.500 |     0.000 |       0.000 |      0.000 |       NA    | Unspecified | NA         |
| Vcco135   |       1.350 |     0.000 |       0.000 |      0.000 |       NA    | Unspecified | NA         |
| Vcco12    |       1.200 |     0.000 |       0.000 |      0.000 |       NA    | Unspecified | NA         |
| Vccaux_io |       1.800 |     0.000 |       0.000 |      0.000 |       NA    | Unspecified | NA         |
| Vccbram   |       1.000 |     0.006 |       0.003 |      0.003 |       NA    | Unspecified | NA         |
| MGTAVcc   |       1.000 |     0.000 |       0.000 |      0.000 |       NA    | Unspecified | NA         |
| MGTAVtt   |       1.200 |     0.000 |       0.000 |      0.000 |       NA    | Unspecified | NA         |
| MGTVccaux |       1.800 |     0.000 |       0.000 |      0.000 |       NA    | Unspecified | NA         |
| Vccpint   |       1.000 |     0.769 |       0.734 |      0.035 |       NA    | Unspecified | NA         |
| Vccpaux   |       1.800 |     0.061 |       0.051 |      0.010 |       NA    | Unspecified | NA         |
| Vccpll    |       1.800 |     0.019 |       0.016 |      0.003 |       NA    | Unspecified | NA         |
| Vcco_ddr  |       1.500 |     0.459 |       0.457 |      0.002 |       NA    | Unspecified | NA         |
| Vcco_mio0 |       1.800 |     0.004 |       0.003 |      0.001 |       NA    | Unspecified | NA         |
| Vcco_mio1 |       1.800 |     0.002 |       0.001 |      0.001 |       NA    | Unspecified | NA         |
| Vccadc    |       1.800 |     0.020 |       0.000 |      0.020 |       NA    | Unspecified | NA         |
+-----------+-------------+-----------+-------------+------------+-------------+-------------+------------+


1.3 Confidence Level
--------------------

+-----------------------------+------------+--------------------------------------------------------+------------------------------------------------------------------------------------------------------------+
| User Input Data             | Confidence | Details                                                | Action                                                                                                     |
+-----------------------------+------------+--------------------------------------------------------+------------------------------------------------------------------------------------------------------------+
| Design implementation state | High       | Design is routed                                       |                                                                                                            |
| Clock nodes activity        | High       | User specified more than 95% of clocks                 |                                                                                                            |
| I/O nodes activity          | Low        | More than 75% of inputs are missing user specification | Provide missing input activity with simulation results or by editing the "By Resource Type -> I/Os" view   |
| Internal nodes activity     | Medium     | User specified less than 25% of internal nodes         | Provide missing internal nodes activity with simulation results or by editing the "By Resource Type" views |
| Device models               | High       | Device models are Production                           |                                                                                                            |
|                             |            |                                                        |                                                                                                            |
| Overall confidence level    | Low        |                                                        |                                                                                                            |
+-----------------------------+------------+--------------------------------------------------------+------------------------------------------------------------------------------------------------------------+


2. Settings
-----------

2.1 Environment
---------------

+-----------------------+------------------------+
| Ambient Temp (C)      | 25.0                   |
| ThetaJA (C/W)         | 11.5                   |
| Airflow (LFM)         | 250                    |
| Heat Sink             | none                   |
| ThetaSA (C/W)         | 0.0                    |
| Board Selection       | medium (10"x10")       |
| # of Board Layers     | 8to11 (8 to 11 Layers) |
| Board Temperature (C) | 25.0                   |
+-----------------------+------------------------+


2.2 Clock Constraints
---------------------

+---------------------------------+-------------------------------------------------------------+-----------------+
| Clock                           | Domain                                                      | Constraint (ns) |
+---------------------------------+-------------------------------------------------------------+-----------------+
| clk_fpga_0                      | u_pqm_ps/processing_system7_0/inst/FCLK_CLK0                |            10.0 |
| clk_fpga_0                      | u_pqm_ps/processing_system7_0/inst/FCLK_CLK_unbuffered[0]   |            10.0 |
| clk_out1_clk_wiz_0              | u_clk_wiz_0/inst/clk_out1_clk_wiz_0                         |            20.0 |
| clk_out1_pqm_ps_clk_wiz_pixel_0 | u_pqm_ps/clk_wiz_pixel/inst/clk_out1_pqm_ps_clk_wiz_pixel_0 |            30.0 |
| clkfbout_clk_wiz_0              | u_clk_wiz_0/inst/clkfbout_clk_wiz_0                         |            20.0 |
| clkfbout_pqm_ps_clk_wiz_pixel_0 | u_pqm_ps/clk_wiz_pixel/inst/clkfbout_pqm_ps_clk_wiz_pixel_0 |            10.0 |
| sys_clk                         | sys_clk                                                     |            20.0 |
+---------------------------------+-------------------------------------------------------------+-----------------+


3. Detailed Reports
-------------------

3.1 By Hierarchy
----------------

+-----------------------------------+-----------+
| Name                              | Power (W) |
+-----------------------------------+-----------+
| pqm2_top                          |     1.951 |
|   u_clk_wiz_0                     |     0.120 |
|     inst                          |     0.120 |
|   u_pqm_pl_top                    |     0.083 |
|     u_measurement_core            |     0.079 |
|       u_freq_analysis             |     0.035 |
|       u_freq_metrics_raw_calc     |     0.006 |
|       u_time_parameters_initiator |     0.016 |
|       u_time_x100_normalizer      |     0.020 |
|     u_shared_memory_bridge        |     0.001 |
|   u_pqm_ps                        |     1.739 |
|     axi_bram_ctrl_0               |     0.002 |
|       U0                          |     0.002 |
|     axi_dma_0                     |     0.010 |
|       U0                          |     0.010 |
|     axi_interconnect_ctrl         |     0.017 |
|       m01_couplers                |     0.003 |
|       m02_couplers                |     0.003 |
|       m03_couplers                |     0.004 |
|       xbar                        |     0.006 |
|     axi_interconnect_hp1          |     0.005 |
|       m00_couplers                |     0.002 |
|       s01_couplers                |     0.002 |
|       xbar                        |     0.002 |
|     axi_vdma_0                    |     0.007 |
|       U0                          |     0.007 |
|     axis_sample_cdc               |     0.001 |
|       inst                        |     0.001 |
|     blk_mem_gen_shared            |     0.036 |
|       U0                          |     0.036 |
|     clk_wiz_pixel                 |     0.106 |
|       inst                        |     0.106 |
|     processing_system7_0          |     1.547 |
|       inst                        |     1.547 |
|     v_tc_0                        |     0.006 |
|       U0                          |     0.006 |
|   u_pqm_touch_iobuf               |     0.001 |
+-----------------------------------+-----------+


