Copyright 1986-2020 Xilinx, Inc. All Rights Reserved.
------------------------------------------------------------------------------------
| Tool Version : Vivado v.2020.2 (win64) Build 3064766 Wed Nov 18 09:12:45 MST 2020
| Date         : Wed Dec 10 17:44:20 2025
| Host         : DESKTOP-2P288OB running 64-bit major release  (build 9200)
| Command      : report_control_sets -verbose -file top_dvm_control_sets_placed.rpt
| Design       : top_dvm
| Device       : xc7z020
------------------------------------------------------------------------------------

Control Set Information

Table of Contents
-----------------
1. Summary
2. Histogram
3. Flip-Flop Distribution
4. Detailed Control Set Information

1. Summary
----------

+----------------------------------------------------------+-------+
|                          Status                          | Count |
+----------------------------------------------------------+-------+
| Total control sets                                       |    11 |
|    Minimum number of control sets                        |    11 |
|    Addition due to synthesis replication                 |     0 |
|    Addition due to physical synthesis replication        |     0 |
| Unused register locations in slices containing registers |    38 |
+----------------------------------------------------------+-------+
* Control sets can be merged at opt_design using control_set_merge or merge_equivalent_drivers
** Run report_qor_suggestions for automated merging and remapping suggestions


2. Histogram
------------

+--------------------+-------+
|       Fanout       | Count |
+--------------------+-------+
| Total control sets |    11 |
| >= 0 to < 4        |     0 |
| >= 4 to < 6        |     0 |
| >= 6 to < 8        |     0 |
| >= 8 to < 10       |     2 |
| >= 10 to < 12      |     3 |
| >= 12 to < 14      |     0 |
| >= 14 to < 16      |     1 |
| >= 16              |     5 |
+--------------------+-------+
* Control sets can be remapped at either synth_design or opt_design


3. Flip-Flop Distribution
-------------------------

+--------------+-----------------------+------------------------+-----------------+--------------+
| Clock Enable | Synchronous Set/Reset | Asynchronous Set/Reset | Total Registers | Total Slices |
+--------------+-----------------------+------------------------+-----------------+--------------+
| No           | No                    | No                     |               0 |            0 |
| No           | No                    | Yes                    |             161 |           54 |
| No           | Yes                   | No                     |               0 |            0 |
| Yes          | No                    | No                     |               0 |            0 |
| Yes          | No                    | Yes                    |              97 |           33 |
| Yes          | Yes                   | No                     |               0 |            0 |
+--------------+-----------------------+------------------------+-----------------+--------------+


4. Detailed Control Set Information
-----------------------------------

+--------------------------------------------+-----------------------------------------------+--------------------------+------------------+----------------+--------------+
|                Clock Signal                |                 Enable Signal                 |     Set/Reset Signal     | Slice Load Count | Bel Load Count | Bels / Slice |
+--------------------------------------------+-----------------------------------------------+--------------------------+------------------+----------------+--------------+
|  ad_clk_OBUF_BUFG                          | u_voltage_data/data_aver                      | u_voltage_data/sys_rst_n |                2 |              8 |         4.00 |
|  sys_clk_IBUF_BUFG                         | u_test_voltage/da_data                        | u_voltage_data/sys_rst_n |                2 |              8 |         4.00 |
|  u_lcd_disp_char/u_rd_id/lcd_clk_OBUF_BUFG | u_lcd_disp_char/u_lcd_driver/h_cnt1_carry_n_0 | u_voltage_data/sys_rst_n |                4 |             11 |         2.75 |
|  ad_clk_OBUF_BUFG                          | u_voltage_calibrator/voc_finish_0             | u_voltage_data/sys_rst_n |                6 |             11 |         1.83 |
|  sys_clk_IBUF_BUFG                         | u_lcd_disp_char/u_rd_id/rd_flag_i_1_n_0       | u_voltage_data/sys_rst_n |                3 |             11 |         3.67 |
|  ad_clk_OBUF_BUFG                          | u_voltage_data/data_symbol_i_1_n_0            | u_voltage_data/sys_rst_n |                7 |             14 |         2.00 |
|  sys_clk_IBUF_BUFG                         | u_lcd_disp_char/u_rd_id/cnt_delay[0]_i_1_n_0  | u_voltage_data/sys_rst_n |                4 |             16 |         4.00 |
|  ad_clk_OBUF_BUFG                          | u_voltage_calibrator/ad_data_sum[0]_i_1_n_0   | u_voltage_data/sys_rst_n |                5 |             18 |         3.60 |
|  sys_clk_IBUF_BUFG                         |                                               | u_voltage_data/sys_rst_n |               10 |             29 |         2.90 |
|  u_lcd_disp_char/u_rd_id/lcd_clk_OBUF_BUFG |                                               | u_voltage_data/sys_rst_n |               16 |             35 |         2.19 |
|  ad_clk_OBUF_BUFG                          |                                               | u_voltage_data/sys_rst_n |               28 |             97 |         3.46 |
+--------------------------------------------+-----------------------------------------------+--------------------------+------------------+----------------+--------------+


