Vivado Simulator 2018.3
Copyright 1986-1999, 2001-2018 Xilinx, Inc. All Rights Reserved.
Running: D:/zt/Xilinx/Vivado/2018.3/bin/unwrapped/win64.o/xelab.exe -wto 9097c18c8e294b9a8f571e4acb6b2268 --incr --debug typical --relax --mt 2 -L xil_defaultlib -L blk_mem_gen_v8_4_2 -L xbip_utils_v3_0_9 -L axi_utils_v2_0_5 -L c_reg_fd_v12_0_5 -L xbip_dsp48_wrapper_v3_0_4 -L xbip_pipe_v3_0_5 -L xbip_dsp48_addsub_v3_0_5 -L xbip_addsub_v3_0_5 -L c_addsub_v12_0_12 -L c_mux_bit_v12_0_5 -L c_shift_ram_v12_0_12 -L xbip_bram18k_v3_0_5 -L mult_gen_v12_0_14 -L cmpy_v6_0_16 -L floating_point_v7_0_15 -L xfft_v9_1_1 -L unisims_ver -L unimacro_ver -L secureip -L xpm --snapshot tb_main_behav xil_defaultlib.tb_main xil_defaultlib.glbl -log elaborate.log 
Using 2 slave threads.
Starting static elaboration
Completed static elaboration
Starting simulation data flow analysis
Completed simulation data flow analysis
Time Resolution for simulation is 1ps
Compiling package std.standard
Compiling package std.textio
Compiling package ieee.std_logic_1164
Compiling package ieee.numeric_std
Compiling package xbip_utils_v3_0_9.xbip_utils_v3_0_9_pkg
Compiling package xfft_v9_1_1.xfft_v9_1_1_viv_comp
Compiling package ieee.std_logic_arith
Compiling package ieee.std_logic_unsigned
Compiling package ieee.math_real
Compiling package axi_utils_v2_0_5.axi_utils_v2_0_5_pkg
Compiling package mult_gen_v12_0_14.mult_gen_v12_0_14_pkg
Compiling package ieee.std_logic_signed
Compiling package cmpy_v6_0_16.cmpy_v6_0_16_pkg
Compiling package floating_point_v7_0_15.floating_point_v7_0_15_consts
Compiling package floating_point_v7_0_15.floating_point_v7_0_15_exp_table...
Compiling package floating_point_v7_0_15.floating_point_v7_0_15_pkg
Compiling package xfft_v9_1_1.pkg
Compiling package xfft_v9_1_1.xfft_v9_1_1_axi_pkg
Compiling package axi_utils_v2_0_5.global_util_pkg
Compiling package axi_utils_v2_0_5.axi_utils_comps
Compiling package unisim.vcomponents
Compiling package c_shift_ram_v12_0_12.c_shift_ram_v12_0_12_pkg
Compiling package c_mux_bit_v12_0_5.c_mux_bit_v12_0_5_viv_comp
Compiling package c_reg_fd_v12_0_5.c_reg_fd_v12_0_5_viv_comp
Compiling package ieee.vital_timing
Compiling package ieee.vital_primitives
Compiling package unisim.vpkg
Compiling package xfft_v9_1_1.quarter_sin_tw_table
Compiling package xbip_pipe_v3_0_5.xbip_pipe_v3_0_5_viv_comp
Compiling package xbip_addsub_v3_0_5.xbip_addsub_v3_0_5_viv_comp
Compiling package c_addsub_v12_0_12.c_addsub_v12_0_12_pkg
Compiling package c_addsub_v12_0_12.c_addsub_v12_0_12_pkg_legacy
Compiling package ieee.std_logic_textio
Compiling package mult_gen_v12_0_14.dsp_pkg
Compiling module xil_defaultlib.uart_rx(BAUD_CNT_MAX=434)
Compiling module xil_defaultlib.uart_tx(BAUD_CNT_MAX=434)
Compiling module xil_defaultlib.uart_default
Compiling module xil_defaultlib.i2c_dri(CLK_FREQ=50000000,I2C_FR...
Compiling module xil_defaultlib.touch_dri(WIDTH=8)
Compiling module xil_defaultlib.touch_state(CLK_FREQ_HZ=1000000)
Compiling module xil_defaultlib.touch_top
Compiling module xil_defaultlib.ad7606_parallel_ctrl
Compiling module xil_defaultlib.AD7606_Parallel_DRIVER
Compiling module xil_defaultlib.time_zero_code_tracker(WARMUP_SA...
Compiling module xil_defaultlib.rd_id
Compiling module xil_defaultlib.clk_div
Compiling module xil_defaultlib.binary2bcd
Compiling module blk_mem_gen_v8_4_2.blk_mem_gen_v8_4_2_output_stage(...
Compiling module blk_mem_gen_v8_4_2.blk_mem_gen_v8_4_2_output_stage(...
Compiling module blk_mem_gen_v8_4_2.blk_mem_gen_v8_4_2_softecc_outpu...
Compiling module blk_mem_gen_v8_4_2.blk_mem_gen_v8_4_2_mem_module(C_...
Compiling module blk_mem_gen_v8_4_2.blk_mem_gen_v8_4_2(C_FAMILY="zyn...
Compiling module xil_defaultlib.blk_mem_gen_font_16x32
Compiling module blk_mem_gen_v8_4_2.blk_mem_gen_v8_4_2_output_stage(...
Compiling module blk_mem_gen_v8_4_2.blk_mem_gen_v8_4_2_output_stage(...
Compiling module blk_mem_gen_v8_4_2.blk_mem_gen_v8_4_2_softecc_outpu...
Compiling module blk_mem_gen_v8_4_2.blk_mem_gen_v8_4_2_mem_module(C_...
Compiling module blk_mem_gen_v8_4_2.blk_mem_gen_v8_4_2(C_FAMILY="zyn...
Compiling module xil_defaultlib.blk_mem_gen_font_10x20
Compiling module xil_defaultlib.time_wave_trigger_core(TRIGGER_H...
Compiling module xil_defaultlib.multiplier_signed(A_WIDTH=17,B_W...
Compiling module xil_defaultlib.divider_unsigned(WIDTH=32)
Compiling module xil_defaultlib.time_wave_display_resampler(POIN...
Compiling module xil_defaultlib.time_wave_history_buffer(POINT_C...
Compiling module xil_defaultlib.time_wave_frame_writer(POINT_COU...
Compiling module xil_defaultlib.time_wave_display_capture(FULL_S...
Compiling module xil_defaultlib.p2p_measure(MAX_FRAME_SAMPLES=81...
Compiling module xil_defaultlib.phase_diff_calc(MAX_FRAME_SAMPLE...
Compiling module xil_defaultlib.frequency_measure(MAX_FRAME_SAMP...
Compiling module xil_defaultlib.multiplier_signed(A_WIDTH=17,B_W...
Compiling module xil_defaultlib.divider_unsigned(WIDTH=49)
Compiling module xil_defaultlib.divider_signed(WIDTH=49)
Compiling module xil_defaultlib.sqrt_unsigned(RADICAND_WIDTH=49,...
Compiling module xil_defaultlib.ui_rms_measure(N_WIDTH=13)
Compiling module xil_defaultlib.multiplier_signed
Compiling module xil_defaultlib.multiplier_signed(A_WIDTH=32)
Compiling module xil_defaultlib.divider_unsigned(WIDTH=48)
Compiling module xil_defaultlib.multiplier_signed(A_WIDTH=32,B_W...
Compiling module xil_defaultlib.sqrt_unsigned(RADICAND_WIDTH=64,...
Compiling module xil_defaultlib.power_metrics_calc_default
Compiling module xil_defaultlib.time_parameters_initiator(N_WIDT...
Compiling module xil_defaultlib.multiplier_signed(B_WIDTH=32)
Compiling module xil_defaultlib.signed_code_to_x100_default
Compiling module xil_defaultlib.divider_unsigned(WIDTH=64)
Compiling module xil_defaultlib.divider_unsigned(WIDTH=44)
Compiling module blk_mem_gen_v8_4_2.blk_mem_gen_v8_4_2_output_stage(...
Compiling module blk_mem_gen_v8_4_2.blk_mem_gen_v8_4_2_output_stage(...
Compiling module blk_mem_gen_v8_4_2.blk_mem_gen_v8_4_2_softecc_outpu...
Compiling module blk_mem_gen_v8_4_2.blk_mem_gen_v8_4_2_mem_module(C_...
Compiling module blk_mem_gen_v8_4_2.blk_mem_gen_v8_4_2(C_FAMILY="zyn...
Compiling module xil_defaultlib.rom_atan_lut_1024
Compiling module xil_defaultlib.multiplier_signed(A_WIDTH=64,B_W...
Compiling module xil_defaultlib.divider_unsigned(WIDTH=96)
Compiling module xil_defaultlib.time_x100_normalizer(U_FULL_SCAL...
Compiling module xil_defaultlib.time_data_separator
Compiling module xil_defaultlib.time_text_display_preprocess(U_F...
Compiling module xil_defaultlib.text_packet_double_buffer(PACKET...
Compiling module blk_mem_gen_v8_4_2.blk_mem_gen_v8_4_2_output_stage(...
Compiling module blk_mem_gen_v8_4_2.blk_mem_gen_v8_4_2_output_stage(...
Compiling module blk_mem_gen_v8_4_2.blk_mem_gen_v8_4_2_softecc_outpu...
Compiling module blk_mem_gen_v8_4_2.blk_mem_gen_v8_4_2_mem_module(C_...
Compiling module blk_mem_gen_v8_4_2.blk_mem_axi_regs_fwd_v8_4(C_DATA...
Compiling module blk_mem_gen_v8_4_2.blk_mem_gen_v8_4_2(C_FAMILY="zyn...
Compiling module xil_defaultlib.blk_mem_gen_fft_fifo_ram
Compiling module xil_defaultlib.data_fifo_default
Compiling architecture xilinx of entity axi_utils_v2_0_5.glb_srl_fifo [\glb_srl_fifo(width=2,has_uvprot...]
Compiling architecture xilinx of entity axi_utils_v2_0_5.glb_ifx_master [\glb_ifx_master(width=2,afull_th...]
Compiling architecture synth of entity xfft_v9_1_1.axi_wrapper_output_fifo [\axi_wrapper_output_fifo(c_fifo_...]
Compiling architecture xilinx of entity axi_utils_v2_0_5.glb_srl_fifo [\glb_srl_fifo(width=46,has_uvpro...]
Compiling architecture xilinx of entity axi_utils_v2_0_5.glb_ifx_slave [\glb_ifx_slave(width=46,has_uvpr...]
Compiling architecture synth of entity xfft_v9_1_1.axi_wrapper_input_fifo [\axi_wrapper_input_fifo(c_fifo_w...]
Compiling architecture xilinx of entity axi_utils_v2_0_5.glb_srl_fifo [\glb_srl_fifo(width=65,has_uvpro...]
Compiling architecture xilinx of entity axi_utils_v2_0_5.glb_ifx_slave [\glb_ifx_slave(width=65,has_uvpr...]
Compiling architecture synth of entity xfft_v9_1_1.axi_wrapper_input_fifo [\axi_wrapper_input_fifo(c_fifo_w...]
Compiling architecture xilinx of entity axi_utils_v2_0_5.glb_srl_fifo [\glb_srl_fifo(width=78,has_uvpro...]
Compiling architecture xilinx of entity axi_utils_v2_0_5.glb_ifx_master [\glb_ifx_master(width=78,afull_t...]
Compiling architecture synth of entity xfft_v9_1_1.axi_wrapper_output_fifo [\axi_wrapper_output_fifo(c_fifo_...]
Compiling architecture synth of entity xfft_v9_1_1.axi_wrapper [\axi_wrapper(c_channels=2,c_nfft...]
Compiling architecture rb18_internal_vhdl_v of entity unisim.RB18_INTERNAL_VHDL [\RB18_INTERNAL_VHDL(bram_size=18...]
Compiling architecture ramb18e1_v of entity unisim.RAMB18E1 [\RAMB18E1(dob_reg=1,read_width_b...]
Compiling architecture ramb18_v of entity unisim.RAMB18 [\RAMB18(dob_reg=1,read_width_b=1...]
Compiling architecture xilinx of entity xfft_v9_1_1.dpm [\dpm(c_xdevicefamily="zynq",widt...]
Compiling architecture xilinx of entity xfft_v9_1_1.shift_ram [\shift_ram(c_xdevicefamily="zynq...]
Compiling architecture xilinx of entity xfft_v9_1_1.mux_bus4 [\mux_bus4(c_xdevicefamily="zynq"...]
Compiling architecture xilinx of entity xfft_v9_1_1.mux_bus2 [\mux_bus2(c_xdevicefamily="zynq"...]
Compiling architecture xilinx of entity xfft_v9_1_1.mux_bus4 [\mux_bus4(c_xdevicefamily="zynq"...]
Compiling architecture xilinx of entity xfft_v9_1_1.arith_shift3 [\arith_shift3(c_xdevicefamily="z...]
Compiling architecture xilinx of entity xfft_v9_1_1.r2_ovflo_gen [r2_ovflo_gen_default]
Compiling architecture xilinx of entity xfft_v9_1_1.shift_ram [\shift_ram(c_xdevicefamily="zynq...]
Compiling architecture xilinx of entity cmpy_v6_0_16.delay_line [\delay_line(c_xdevicefamily="zyn...]
Compiling architecture xilinx of entity cmpy_v6_0_16.delay_line [\delay_line(c_xdevicefamily="zyn...]
Compiling architecture xilinx of entity mult_gen_v12_0_14.delay_line [\delay_line(c_xdevicefamily="zyn...]
Compiling architecture xilinx of entity mult_gen_v12_0_14.delay_line [\delay_line(c_xdevicefamily="zyn...]
Compiling architecture dsp48e1_v of entity unisim.DSP48E1 [\DSP48E1(acascreg=2,alumodereg=0...]
Compiling architecture xilinx of entity mult_gen_v12_0_14.delay_line [\delay_line(c_xdevicefamily="zyn...]
Compiling architecture xilinx of entity mult_gen_v12_0_14.op_resize [\op_resize(ai_width=17,bi_width=...]
Compiling architecture xilinx of entity mult_gen_v12_0_14.dsp [\dsp(c_xdevicefamily="zynq",c_a_...]
Compiling architecture xilinx of entity cmpy_v6_0_16.cmpy_3_dsp48_mult [\cmpy_3_dsp48_mult(c_xdevicefami...]
Compiling architecture xilinx of entity mult_gen_v12_0_14.delay_line [\delay_line(c_xdevicefamily="zyn...]
Compiling architecture xilinx of entity mult_gen_v12_0_14.delay_line [\delay_line(c_xdevicefamily="zyn...]
Compiling architecture dsp48e1_v of entity unisim.DSP48E1 [\DSP48E1(alumodereg=0,bcascreg=2...]
Compiling architecture xilinx of entity mult_gen_v12_0_14.op_resize [\op_resize(ai_width=18,ao_width=...]
Compiling architecture xilinx of entity mult_gen_v12_0_14.dsp [\dsp(c_xdevicefamily="zynq",c_a_...]
Compiling architecture xilinx of entity cmpy_v6_0_16.cmpy_3_dsp48_mult [\cmpy_3_dsp48_mult(c_xdevicefami...]
Compiling architecture xilinx of entity mult_gen_v12_0_14.dsp [\dsp(c_xdevicefamily="zynq",c_a_...]
Compiling architecture xilinx of entity cmpy_v6_0_16.cmpy_3_dsp48_mult [\cmpy_3_dsp48_mult(c_xdevicefami...]
Compiling architecture xilinx of entity cmpy_v6_0_16.input_negation [\input_negation(c_xdevicefamily=...]
Compiling architecture xilinx of entity cmpy_v6_0_16.delay_line [\delay_line(c_xdevicefamily="zyn...]
Compiling architecture xilinx of entity cmpy_v6_0_16.delay_line [\delay_line(c_xdevicefamily="zyn...]
Compiling architecture xilinx of entity cmpy_v6_0_16.cmpy_3_dsp48 [\cmpy_3_dsp48(c_xdevicefamily="z...]
Compiling architecture xilinx of entity cmpy_v6_0_16.cmpy_v6_0_16_synth [\cmpy_v6_0_16_synth(c_xdevicefam...]
Compiling architecture xilinx of entity xfft_v9_1_1.cmpy [\cmpy(c_xdevicefamily="zynq",b_w...]
Compiling architecture structural of entity c_reg_fd_v12_0_5.c_reg_fd_v12_0_5_viv [\c_reg_fd_v12_0_5_viv(c_width=21...]
Compiling architecture rtl of entity c_addsub_v12_0_12.c_addsub_v12_0_12_lut6_legacy [\c_addsub_v12_0_12_lut6_legacy(c...]
Compiling architecture synth of entity c_addsub_v12_0_12.c_addsub_v12_0_12_fabric_legacy [\c_addsub_v12_0_12_fabric_legacy...]
Compiling architecture synth of entity c_addsub_v12_0_12.c_addsub_v12_0_12_legacy [\c_addsub_v12_0_12_legacy(c_fami...]
Compiling architecture synth of entity c_addsub_v12_0_12.c_addsub_v12_0_12_viv [\c_addsub_v12_0_12_viv(c_xdevice...]
Compiling architecture xilinx of entity xfft_v9_1_1.adder [\adder(c_xdevicefamily="zynq",c_...]
Compiling architecture rtl of entity c_addsub_v12_0_12.c_addsub_v12_0_12_lut6_legacy [\c_addsub_v12_0_12_lut6_legacy(c...]
Compiling architecture synth of entity c_addsub_v12_0_12.c_addsub_v12_0_12_fabric_legacy [\c_addsub_v12_0_12_fabric_legacy...]
Compiling architecture synth of entity c_addsub_v12_0_12.c_addsub_v12_0_12_legacy [\c_addsub_v12_0_12_legacy(c_fami...]
Compiling architecture synth of entity c_addsub_v12_0_12.c_addsub_v12_0_12_viv [\c_addsub_v12_0_12_viv(c_xdevice...]
Compiling architecture xilinx of entity xfft_v9_1_1.subtracter [\subtracter(c_xdevicefamily="zyn...]
Compiling architecture xilinx of entity xfft_v9_1_1.butterfly [\butterfly(c_xdevicefamily="zynq...]
Compiling architecture xilinx of entity xfft_v9_1_1.r2_pe [\r2_pe(c_xdevicefamily="zynq",c_...]
Compiling architecture xilinx of entity xfft_v9_1_1.r2_datapath [\r2_datapath(c_xdevicefamily="zy...]
Compiling architecture xilinx of entity xfft_v9_1_1.r2_pe [\r2_pe(c_xdevicefamily="zynq",ch...]
Compiling architecture xilinx of entity xfft_v9_1_1.r2_datapath [\r2_datapath(c_xdevicefamily="zy...]
Compiling architecture struct of entity c_shift_ram_v12_0_12.c_shift_ram_v12_0_12_legacy [\c_shift_ram_v12_0_12_legacy(c_x...]
Compiling architecture synth of entity c_shift_ram_v12_0_12.c_shift_ram_v12_0_12_viv [\c_shift_ram_v12_0_12_viv(c_xdev...]
Compiling architecture xilinx of entity xfft_v9_1_1.shift_ram [\shift_ram(c_xdevicefamily="zynq...]
Compiling architecture struct of entity c_shift_ram_v12_0_12.c_shift_ram_v12_0_12_legacy [\c_shift_ram_v12_0_12_legacy(c_x...]
Compiling architecture synth of entity c_shift_ram_v12_0_12.c_shift_ram_v12_0_12_viv [\c_shift_ram_v12_0_12_viv(c_xdev...]
Compiling architecture xilinx of entity xfft_v9_1_1.shift_ram [\shift_ram(c_xdevicefamily="zynq...]
Compiling architecture fdre_v of entity unisim.FDRE [fdre_default]
Compiling architecture lut6_v of entity unisim.LUT6 [\LUT6(init="11111111000000001111...]
Compiling architecture muxf7_v of entity unisim.MUXF7 [muxf7_default]
Compiling architecture muxf8_v of entity unisim.MUXF8 [muxf8_default]
Compiling architecture xilinx of entity xfft_v9_1_1.mux_bus16 [\mux_bus16(c_xdevicefamily="zynq...]
Compiling architecture xilinx of entity xfft_v9_1_1.xor_bit_gate [\xor_bit_gate(c_inputs=11)\]
Compiling architecture xilinx of entity xfft_v9_1_1.r2_in_addr [\r2_in_addr(c_xdevicefamily="zyn...]
Compiling architecture xilinx of entity xfft_v9_1_1.shift_ram [\shift_ram(c_xdevicefamily="zynq...]
Compiling architecture xilinx of entity xfft_v9_1_1.mux_bus4 [\mux_bus4(c_xdevicefamily="zynq"...]
Compiling architecture xilinx of entity xfft_v9_1_1.xor_bit_gate [\xor_bit_gate(c_inputs=10)\]
Compiling architecture xilinx of entity xfft_v9_1_1.r2_rw_addr [\r2_rw_addr(c_xdevicefamily="zyn...]
Compiling architecture srl16e_v of entity unisim.SRL16E [\SRL16E(0,15)\]
Compiling architecture xilinx of entity xfft_v9_1_1.shift_ram [\shift_ram(c_xdevicefamily="zynq...]
Compiling architecture lut3_v of entity unisim.LUT3 [\LUT3(init="11001010")(0,7)\]
Compiling architecture xilinx of entity xfft_v9_1_1.mux_bus2 [\mux_bus2(c_xdevicefamily="zynq"...]
Compiling architecture structural of entity c_reg_fd_v12_0_5.c_reg_fd_v12_0_5_viv [\c_reg_fd_v12_0_5_viv(c_sync_pri...]
Compiling architecture struct of entity c_shift_ram_v12_0_12.c_shift_ram_v12_0_12_legacy [\c_shift_ram_v12_0_12_legacy(c_x...]
Compiling architecture synth of entity c_shift_ram_v12_0_12.c_shift_ram_v12_0_12_viv [\c_shift_ram_v12_0_12_viv(c_xdev...]
Compiling architecture xilinx of entity xfft_v9_1_1.shift_ram [\shift_ram(c_xdevicefamily="zynq...]
Compiling architecture xilinx of entity xfft_v9_1_1.shift_ram [\shift_ram(c_xdevicefamily="zynq...]
Compiling architecture struct of entity c_shift_ram_v12_0_12.c_shift_ram_v12_0_12_legacy [\c_shift_ram_v12_0_12_legacy(c_x...]
Compiling architecture synth of entity c_shift_ram_v12_0_12.c_shift_ram_v12_0_12_viv [\c_shift_ram_v12_0_12_viv(c_xdev...]
Compiling architecture xilinx of entity xfft_v9_1_1.shift_ram [\shift_ram(c_xdevicefamily="zynq...]
Compiling architecture xilinx of entity xfft_v9_1_1.twos_comp [\twos_comp(c_data_width=9,c_has_...]
Compiling architecture lut6_v of entity unisim.LUT6 [\LUT6(init="10000000000000000000...]
Compiling architecture muxcy_v of entity unisim.MUXCY [muxcy_default]
Compiling architecture xorcy_v of entity unisim.XORCY [xorcy_default]
Compiling architecture fde_v of entity unisim.FDE [fde_default]
Compiling architecture xilinx of entity xfft_v9_1_1.logic_gate [\logic_gate(c_xdevicefamily="zyn...]
Compiling architecture xilinx of entity xfft_v9_1_1.twgen_quarter_sin [\twgen_quarter_sin(c_xdevicefami...]
Compiling architecture xilinx of entity xfft_v9_1_1.twiddle_gen [\twiddle_gen(c_xdevicefamily="zy...]
Compiling architecture xilinx of entity xfft_v9_1_1.mux_bus16 [\mux_bus16(c_xdevicefamily="zynq...]
Compiling architecture xilinx of entity xfft_v9_1_1.r2_tw_addr [\r2_tw_addr(c_xdevicefamily="zyn...]
Compiling architecture xilinx of entity xfft_v9_1_1.shift_ram [\shift_ram(c_xdevicefamily="zynq...]
Compiling architecture xilinx of entity xfft_v9_1_1.shift_ram [\shift_ram(c_xdevicefamily="zynq...]
Compiling architecture struct of entity c_shift_ram_v12_0_12.c_shift_ram_v12_0_12_legacy [\c_shift_ram_v12_0_12_legacy(c_x...]
Compiling architecture synth of entity c_shift_ram_v12_0_12.c_shift_ram_v12_0_12_viv [\c_shift_ram_v12_0_12_viv(c_xdev...]
Compiling architecture xilinx of entity xfft_v9_1_1.shift_ram [\shift_ram(c_xdevicefamily="zynq...]
Compiling architecture xilinx of entity xfft_v9_1_1.shift_ram [\shift_ram(c_xdevicefamily="zynq...]
Compiling architecture xilinx of entity xfft_v9_1_1.shift_ram [\shift_ram(c_xdevicefamily="zynq...]
Compiling architecture struct of entity c_shift_ram_v12_0_12.c_shift_ram_v12_0_12_legacy [\c_shift_ram_v12_0_12_legacy(c_x...]
Compiling architecture synth of entity c_shift_ram_v12_0_12.c_shift_ram_v12_0_12_viv [\c_shift_ram_v12_0_12_viv(c_xdev...]
Compiling architecture xilinx of entity xfft_v9_1_1.shift_ram [\shift_ram(c_xdevicefamily="zynq...]
Compiling architecture rtl of entity c_addsub_v12_0_12.c_addsub_v12_0_12_lut6_legacy [\c_addsub_v12_0_12_lut6_legacy(c...]
Compiling architecture synth of entity c_addsub_v12_0_12.c_addsub_v12_0_12_fabric_legacy [\c_addsub_v12_0_12_fabric_legacy...]
Compiling architecture synth of entity c_addsub_v12_0_12.c_addsub_v12_0_12_legacy [\c_addsub_v12_0_12_legacy(c_fami...]
Compiling architecture synth of entity c_addsub_v12_0_12.c_addsub_v12_0_12_viv [\c_addsub_v12_0_12_viv(c_xdevice...]
Compiling architecture xilinx of entity xfft_v9_1_1.equ_rtl [\equ_rtl(c_xdevicefamily="zynq",...]
Compiling architecture xilinx of entity xfft_v9_1_1.cnt_tc_rtl [\cnt_tc_rtl(c_xdevicefamily="zyn...]
Compiling architecture xilinx of entity xfft_v9_1_1.shift_ram [\shift_ram(c_xdevicefamily="zynq...]
Compiling architecture xilinx of entity xfft_v9_1_1.reg_rs_rtl [reg_rs_rtl_default]
Compiling architecture rtl of entity c_addsub_v12_0_12.c_addsub_v12_0_12_lut6_legacy [\c_addsub_v12_0_12_lut6_legacy(c...]
Compiling architecture synth of entity c_addsub_v12_0_12.c_addsub_v12_0_12_fabric_legacy [\c_addsub_v12_0_12_fabric_legacy...]
Compiling architecture synth of entity c_addsub_v12_0_12.c_addsub_v12_0_12_legacy [\c_addsub_v12_0_12_legacy(c_fami...]
Compiling architecture synth of entity c_addsub_v12_0_12.c_addsub_v12_0_12_viv [\c_addsub_v12_0_12_viv(c_xdevice...]
Compiling architecture lut6_v of entity unisim.LUT6 [\LUT6(init="10010000000010010000...]
Compiling architecture xilinx of entity xfft_v9_1_1.equ_rtl [\equ_rtl(c_xdevicefamily="zynq",...]
Compiling architecture xilinx of entity xfft_v9_1_1.cnt_tc_rtl [\cnt_tc_rtl(c_xdevicefamily="zyn...]
Compiling architecture rtl of entity c_addsub_v12_0_12.c_addsub_v12_0_12_lut6_legacy [\c_addsub_v12_0_12_lut6_legacy(c...]
Compiling architecture synth of entity c_addsub_v12_0_12.c_addsub_v12_0_12_fabric_legacy [\c_addsub_v12_0_12_fabric_legacy...]
Compiling architecture synth of entity c_addsub_v12_0_12.c_addsub_v12_0_12_legacy [\c_addsub_v12_0_12_legacy(c_fami...]
Compiling architecture synth of entity c_addsub_v12_0_12.c_addsub_v12_0_12_viv [\c_addsub_v12_0_12_viv(c_xdevice...]
Compiling architecture xilinx of entity xfft_v9_1_1.equ_rtl [\equ_rtl(c_xdevicefamily="zynq",...]
Compiling architecture xilinx of entity xfft_v9_1_1.cnt_tc_rtl [\cnt_tc_rtl(c_xdevicefamily="zyn...]
Compiling architecture rtl of entity c_addsub_v12_0_12.c_addsub_v12_0_12_lut6_legacy [\c_addsub_v12_0_12_lut6_legacy(c...]
Compiling architecture synth of entity c_addsub_v12_0_12.c_addsub_v12_0_12_fabric_legacy [\c_addsub_v12_0_12_fabric_legacy...]
Compiling architecture synth of entity c_addsub_v12_0_12.c_addsub_v12_0_12_legacy [\c_addsub_v12_0_12_legacy(c_fami...]
Compiling architecture synth of entity c_addsub_v12_0_12.c_addsub_v12_0_12_viv [\c_addsub_v12_0_12_viv(c_xdevice...]
Compiling architecture xilinx of entity xfft_v9_1_1.equ_rtl [\equ_rtl(c_xdevicefamily="zynq")...]
Compiling architecture xilinx of entity xfft_v9_1_1.cnt_tc_rtl [\cnt_tc_rtl(c_xdevicefamily="zyn...]
Compiling architecture xilinx of entity xfft_v9_1_1.flow_control_c [\flow_control_c(c_xdevicefamily=...]
Compiling architecture xilinx of entity xfft_v9_1_1.shift_ram [\shift_ram(c_xdevicefamily="zynq...]
Compiling architecture struct of entity c_shift_ram_v12_0_12.c_shift_ram_v12_0_12_legacy [\c_shift_ram_v12_0_12_legacy(c_x...]
Compiling architecture synth of entity c_shift_ram_v12_0_12.c_shift_ram_v12_0_12_viv [\c_shift_ram_v12_0_12_viv(c_xdev...]
Compiling architecture xilinx of entity xfft_v9_1_1.shift_ram [\shift_ram(c_xdevicefamily="zynq...]
Compiling architecture xilinx of entity xfft_v9_1_1.r2_control [\r2_control(c_xdevicefamily="zyn...]
Compiling architecture xilinx of entity xfft_v9_1_1.xfft_v9_1_1_c [\xfft_v9_1_1_c(c_channels=2,c_xd...]
Compiling architecture synth of entity xfft_v9_1_1.xfft_v9_1_1_core [\xfft_v9_1_1_core(c_xdevicefamil...]
Compiling architecture synth of entity xfft_v9_1_1.xfft_v9_1_1_viv [\xfft_v9_1_1_viv(c_xdevicefamily...]
Compiling architecture xilinx of entity xfft_v9_1_1.xfft_v9_1_1 [\xfft_v9_1_1(c_xdevicefamily="zy...]
Compiling architecture xfft_0_arch of entity xil_defaultlib.xfft_0 [xfft_0_default]
Compiling module xil_defaultlib.fft_stream_adapter_default
Compiling module xil_defaultlib.fft_result_receiver(FIRST_BIN=11...
Compiling module xil_defaultlib.sqrt_unsigned(RADICAND_WIDTH=33,...
Compiling module xil_defaultlib.fft_magnitude_calc
Compiling module xil_defaultlib.fft_fundamental_freq_tracker
Compiling module xil_defaultlib.multiplier_signed(A_WIDTH=17)
Compiling module xil_defaultlib.divider_unsigned(WIDTH=33)
Compiling module xil_defaultlib.fft_harmonic_stats
Compiling module xil_defaultlib.fft_phase_vector_calc
Compiling module xil_defaultlib.phase_deg_lut_calc
Compiling module xil_defaultlib.freq_harmonic_iir_filter
Compiling module xil_defaultlib.freq_analysis_top
Compiling module xil_defaultlib.multiplier_signed(A_WIDTH=18,B_W...
Compiling module xil_defaultlib.sqrt_unsigned(RADICAND_WIDTH=46,...
Compiling module xil_defaultlib.multiplier_signed(A_WIDTH=24)
Compiling module xil_defaultlib.divider_unsigned(WIDTH=40)
Compiling module xil_defaultlib.freq_thd_raw_calc
Compiling module xil_defaultlib.freq_metrics_raw_calc
Compiling module xil_defaultlib.freq_text_x100_normalizer
Compiling module xil_defaultlib.freq_text_data_separator
Compiling module xil_defaultlib.freq_text_display_preprocess
Compiling module xil_defaultlib.freq_display_adapter
Compiling module xil_defaultlib.lcd_display_bg_default
Compiling module xil_defaultlib.value_x100_to_digits
Compiling module xil_defaultlib.lcd_display_text(U_FULL_SCALE_X1...
Compiling module blk_mem_gen_v8_4_2.blk_mem_gen_v8_4_2_output_stage(...
Compiling module blk_mem_gen_v8_4_2.blk_mem_gen_v8_4_2_output_stage(...
Compiling module blk_mem_gen_v8_4_2.blk_mem_gen_v8_4_2_softecc_outpu...
Compiling module blk_mem_gen_v8_4_2.blk_mem_gen_v8_4_2_mem_module(C_...
Compiling module blk_mem_gen_v8_4_2.blk_mem_gen_v8_4_2(C_FAMILY="zyn...
Compiling module xil_defaultlib.blk_mem_gen_ram0
Compiling module xil_defaultlib.wave_pixel_detector
Compiling module xil_defaultlib.lcd_display
Compiling module xil_defaultlib.lcd_driver
Compiling module xil_defaultlib.lcd_rgb_char
Compiling module unisims_ver.IBUF
Compiling module unisims_ver.MMCME2_ADV(CLKFBOUT_MULT_F=19.5,...
Compiling module unisims_ver.BUFG
Compiling module xil_defaultlib.clk_wiz_0_clk_wiz
Compiling module xil_defaultlib.clk_wiz_0
Compiling module xil_defaultlib.main
Compiling module xil_defaultlib.ad7606_adc_model
Compiling module xil_defaultlib.tb_main
Compiling module xil_defaultlib.glbl
Built simulation snapshot tb_main_behav
