Vivado Simulator 2018.3
Time resolution is 1 ps
 Block Memory Generator module loading initial data...
 Block Memory Generator data initialization complete.
Block Memory Generator module tb_main.dut.u_lcd_rgb_char.u_lcd_display.u_font_16x32_rom.inst.native_mem_module.blk_mem_gen_v8_4_2_inst is using a behavioral model for simulation which will not precisely model memory collision behavior.
 Block Memory Generator module loading initial data...
 Block Memory Generator data initialization complete.
Block Memory Generator module tb_main.dut.u_lcd_rgb_char.u_lcd_display.u_font_10x20_rom.inst.native_mem_module.blk_mem_gen_v8_4_2_inst is using a behavioral model for simulation which will not precisely model memory collision behavior.
 Block Memory Generator module loading initial data...
 Block Memory Generator data initialization complete.
Block Memory Generator module tb_main.dut.u_lcd_rgb_char.u_lcd_display.u_time_text_display_preprocess.u_time_x100_normalizer.u_phase_power_angle_rom.inst.native_mem_module.blk_mem_gen_v8_4_2_inst is using a behavioral model for simulation which will not precisely model memory collision behavior.
Block Memory Generator module tb_main.dut.u_lcd_rgb_char.u_lcd_display.u_freq_analysis_top.u_fft_stream_adapter.u_data_fifo.u_blk_mem_gen_fft_fifo_ram.inst.native_mem_module.blk_mem_gen_v8_4_2_inst is using a behavioral model for simulation which will not precisely model memory collision behavior.
 Block Memory Generator module loading initial data...
 Block Memory Generator data initialization complete.
Block Memory Generator module tb_main.dut.u_lcd_rgb_char.u_lcd_display.u_freq_analysis_top.u_fft_fundamental_freq_tracker.u_phase_inc_rom.inst.native_mem_module.blk_mem_gen_v8_4_2_inst is using a behavioral model for simulation which will not precisely model memory collision behavior.
 Block Memory Generator module loading initial data...
 Block Memory Generator data initialization complete.
Block Memory Generator module tb_main.dut.u_lcd_rgb_char.u_lcd_display.u_freq_analysis_top.u_phase_deg_lut_calc.u_rom_atan_lut_1024.inst.native_mem_module.blk_mem_gen_v8_4_2_inst is using a behavioral model for simulation which will not precisely model memory collision behavior.
Block Memory Generator module tb_main.dut.u_lcd_rgb_char.u_lcd_display.u_u_wave_frame_ram.inst.native_mem_module.blk_mem_gen_v8_4_2_inst is using a behavioral model for simulation which will not precisely model memory collision behavior.
Block Memory Generator module tb_main.dut.u_lcd_rgb_char.u_lcd_display.u_i_wave_frame_ram.inst.native_mem_module.blk_mem_gen_v8_4_2_inst is using a behavioral model for simulation which will not precisely model memory collision behavior.
Block Memory Generator module tb_main.dut.u_lcd_rgb_char.u_lcd_display.u_freq_u_mag_display_ram.inst.native_mem_module.blk_mem_gen_v8_4_2_inst is using a behavioral model for simulation which will not precisely model memory collision behavior.
Block Memory Generator module tb_main.dut.u_lcd_rgb_char.u_lcd_display.u_freq_i_mag_display_ram.inst.native_mem_module.blk_mem_gen_v8_4_2_inst is using a behavioral model for simulation which will not precisely model memory collision behavior.
Block Memory Generator module tb_main.dut.u_lcd_rgb_char.u_lcd_display.u_freq_phase_display_ram.inst.native_mem_module.blk_mem_gen_v8_4_2_inst is using a behavioral model for simulation which will not precisely model memory collision behavior.
Block Memory Generator module tb_main.dut.u_lcd_rgb_char.u_lcd_display.u_freq_flag_display_ram.inst.native_mem_module.blk_mem_gen_v8_4_2_inst is using a behavioral model for simulation which will not precisely model memory collision behavior.
[0] tb_main: start top-level simulation
[2270000] tb_main: released LCD ID drive
