INFO: [VRFC 10-2263] Analyzing Verilog file "C:/Users/zhangtao/Desktop/PQM/FPGA/prj/PQM.srcs/sources_1/ip/clk_wiz_0/clk_wiz_0_clk_wiz.v" into library xil_defaultlib
INFO: [VRFC 10-311] analyzing module clk_wiz_0_clk_wiz
INFO: [VRFC 10-2263] Analyzing Verilog file "C:/Users/zhangtao/Desktop/PQM/FPGA/prj/PQM.srcs/sources_1/ip/clk_wiz_0/clk_wiz_0.v" into library xil_defaultlib
INFO: [VRFC 10-311] analyzing module clk_wiz_0
INFO: [VRFC 10-2263] Analyzing Verilog file "C:/Users/zhangtao/Desktop/PQM/FPGA/rtl/lcd/display/lcd_driver.v" into library xil_defaultlib
INFO: [VRFC 10-311] analyzing module lcd_driver
INFO: [VRFC 10-2263] Analyzing Verilog file "C:/Users/zhangtao/Desktop/PQM/FPGA/prj/PQM.srcs/sources_1/ip/blk_mem_gen_ram0/sim/blk_mem_gen_ram0.v" into library xil_defaultlib
INFO: [VRFC 10-311] analyzing module blk_mem_gen_ram0
INFO: [VRFC 10-2263] Analyzing Verilog file "C:/Users/zhangtao/Desktop/PQM/FPGA/prj/PQM.srcs/sources_1/ip/rom_atan_lut_1024/sim/rom_atan_lut_1024.v" into library xil_defaultlib
INFO: [VRFC 10-311] analyzing module rom_atan_lut_1024
INFO: [VRFC 10-2263] Analyzing Verilog file "C:/Users/zhangtao/Desktop/PQM/FPGA/prj/PQM.srcs/sources_1/ip/blk_mem_gen_fft_fifo_ram/sim/blk_mem_gen_fft_fifo_ram.v" into library xil_defaultlib
INFO: [VRFC 10-311] analyzing module blk_mem_gen_fft_fifo_ram
INFO: [VRFC 10-2263] Analyzing Verilog file "C:/Users/zhangtao/Desktop/PQM/FPGA/prj/PQM.srcs/sources_1/ip/blk_mem_gen_font_10x20/sim/blk_mem_gen_font_10x20.v" into library xil_defaultlib
INFO: [VRFC 10-311] analyzing module blk_mem_gen_font_10x20
INFO: [VRFC 10-2263] Analyzing Verilog file "C:/Users/zhangtao/Desktop/PQM/FPGA/prj/PQM.srcs/sources_1/ip/blk_mem_gen_font_16x32/sim/blk_mem_gen_font_16x32.v" into library xil_defaultlib
INFO: [VRFC 10-311] analyzing module blk_mem_gen_font_16x32
INFO: [VRFC 10-2263] Analyzing Verilog file "C:/Users/zhangtao/Desktop/PQM/FPGA/rtl/lcd/display/binary2bcd.v" into library xil_defaultlib
INFO: [VRFC 10-311] analyzing module binary2bcd
INFO: [VRFC 10-2263] Analyzing Verilog file "C:/Users/zhangtao/Desktop/PQM/FPGA/rtl/lcd/display/clk_div.v" into library xil_defaultlib
INFO: [VRFC 10-311] analyzing module clk_div
INFO: [VRFC 10-2263] Analyzing Verilog file "C:/Users/zhangtao/Desktop/PQM/FPGA/rtl/lcd/display/rd_id.v" into library xil_defaultlib
INFO: [VRFC 10-311] analyzing module rd_id
INFO: [VRFC 10-2263] Analyzing Verilog file "C:/Users/zhangtao/Desktop/PQM/FPGA/rtl/ADC_PARALLEL/ad7606_parallel_ctrl.v" into library xil_defaultlib
INFO: [VRFC 10-311] analyzing module ad7606_parallel_ctrl
INFO: [VRFC 10-2263] Analyzing Verilog file "C:/Users/zhangtao/Desktop/PQM/FPGA/rtl/ADC_PARALLEL/AD7606_Parallel_DRIVER.v" into library xil_defaultlib
INFO: [VRFC 10-311] analyzing module AD7606_Parallel_DRIVER
INFO: [VRFC 10-2263] Analyzing Verilog file "C:/Users/zhangtao/Desktop/PQM/FPGA/rtl/uart/uart_rx.v" into library xil_defaultlib
INFO: [VRFC 10-311] analyzing module uart_rx
INFO: [VRFC 10-2263] Analyzing Verilog file "C:/Users/zhangtao/Desktop/PQM/FPGA/rtl/uart/uart_tx.v" into library xil_defaultlib
INFO: [VRFC 10-311] analyzing module uart_tx
INFO: [VRFC 10-2263] Analyzing Verilog file "C:/Users/zhangtao/Desktop/PQM/FPGA/rtl/uart/uart.v" into library xil_defaultlib
INFO: [VRFC 10-311] analyzing module uart
INFO: [VRFC 10-2263] Analyzing Verilog file "C:/Users/zhangtao/Desktop/PQM/FPGA/sim/main_top/ad7606_adc_model.v" into library xil_defaultlib
INFO: [VRFC 10-311] analyzing module ad7606_adc_model
INFO: [VRFC 10-2263] Analyzing Verilog file "C:/Users/zhangtao/Desktop/PQM/FPGA/rtl/DataProcessor/SignalProcessing/FreqAnalysis/BasicFunctions/data_fifo.v" into library xil_defaultlib
INFO: [VRFC 10-311] analyzing module data_fifo
INFO: [VRFC 10-2263] Analyzing Verilog file "C:/Users/zhangtao/Desktop/PQM/FPGA/rtl/DataProcessor/BasicMath/divider_signed.v" into library xil_defaultlib
INFO: [VRFC 10-311] analyzing module divider_signed
INFO: [VRFC 10-2263] Analyzing Verilog file "C:/Users/zhangtao/Desktop/PQM/FPGA/rtl/DataProcessor/BasicMath/divider_unsigned.v" into library xil_defaultlib
INFO: [VRFC 10-311] analyzing module divider_unsigned
INFO: [VRFC 10-2263] Analyzing Verilog file "C:/Users/zhangtao/Desktop/PQM/FPGA/rtl/DataProcessor/SignalProcessing/FreqAnalysis/RawDataCal/fft_fundamental_freq_tracker.v" into library xil_defaultlib
INFO: [VRFC 10-311] analyzing module fft_fundamental_freq_tracker
INFO: [VRFC 10-2263] Analyzing Verilog file "C:/Users/zhangtao/Desktop/PQM/FPGA/rtl/DataProcessor/SignalProcessing/FreqAnalysis/BasicFunctions/fft_harmonic_stats.v" into library xil_defaultlib
INFO: [VRFC 10-311] analyzing module fft_harmonic_stats
INFO: [VRFC 10-2263] Analyzing Verilog file "C:/Users/zhangtao/Desktop/PQM/FPGA/rtl/DataProcessor/SignalProcessing/FreqAnalysis/BasicFunctions/fft_magnitude_calc.v" into library xil_defaultlib
INFO: [VRFC 10-311] analyzing module fft_magnitude_calc
INFO: [VRFC 10-2263] Analyzing Verilog file "C:/Users/zhangtao/Desktop/PQM/FPGA/rtl/DataProcessor/SignalProcessing/FreqAnalysis/BasicFunctions/fft_phase_vector_calc.v" into library xil_defaultlib
INFO: [VRFC 10-311] analyzing module fft_phase_vector_calc
INFO: [VRFC 10-2263] Analyzing Verilog file "C:/Users/zhangtao/Desktop/PQM/FPGA/rtl/DataProcessor/SignalProcessing/FreqAnalysis/BasicFunctions/fft_result_receiver.v" into library xil_defaultlib
INFO: [VRFC 10-311] analyzing module fft_result_receiver
INFO: [VRFC 10-2263] Analyzing Verilog file "C:/Users/zhangtao/Desktop/PQM/FPGA/rtl/DataProcessor/SignalProcessing/FreqAnalysis/BasicFunctions/fft_stream_adapter.v" into library xil_defaultlib
INFO: [VRFC 10-311] analyzing module fft_stream_adapter
INFO: [VRFC 10-2263] Analyzing Verilog file "C:/Users/zhangtao/Desktop/PQM/FPGA/rtl/DataProcessor/SignalProcessing/FreqAnalysis/BasicFunctions/freq_analysis_top.v" into library xil_defaultlib
INFO: [VRFC 10-311] analyzing module freq_analysis_top
INFO: [VRFC 10-2263] Analyzing Verilog file "C:/Users/zhangtao/Desktop/PQM/FPGA/rtl/DataProcessor/GraphicsLoad/FreqDomain/freq_display_adapter.v" into library xil_defaultlib
INFO: [VRFC 10-311] analyzing module freq_display_adapter
INFO: [VRFC 10-2263] Analyzing Verilog file "C:/Users/zhangtao/Desktop/PQM/FPGA/rtl/DataProcessor/SignalProcessing/FreqAnalysis/RawDataCal/freq_harmonic_iir_filter.v" into library xil_defaultlib
INFO: [VRFC 10-311] analyzing module freq_harmonic_iir_filter
INFO: [VRFC 10-2263] Analyzing Verilog file "C:/Users/zhangtao/Desktop/PQM/FPGA/rtl/DataProcessor/SignalProcessing/FreqAnalysis/RawDataCal/freq_metrics_raw_calc.v" into library xil_defaultlib
INFO: [VRFC 10-311] analyzing module freq_metrics_raw_calc
INFO: [VRFC 10-2263] Analyzing Verilog file "C:/Users/zhangtao/Desktop/PQM/FPGA/rtl/DataProcessor/SignalProcessing/FreqAnalysis/DataReprocessor/freq_text_data_separator.v" into library xil_defaultlib
INFO: [VRFC 10-311] analyzing module freq_text_data_separator
INFO: [VRFC 10-2263] Analyzing Verilog file "C:/Users/zhangtao/Desktop/PQM/FPGA/rtl/DataProcessor/GraphicsLoad/FreqDomain/freq_text_display_preprocess.v" into library xil_defaultlib
INFO: [VRFC 10-311] analyzing module freq_text_display_preprocess
INFO: [VRFC 10-2263] Analyzing Verilog file "C:/Users/zhangtao/Desktop/PQM/FPGA/rtl/DataProcessor/SignalProcessing/FreqAnalysis/DataReprocessor/freq_text_x100_normalizer.v" into library xil_defaultlib
INFO: [VRFC 10-311] analyzing module freq_text_x100_normalizer
INFO: [VRFC 10-2263] Analyzing Verilog file "C:/Users/zhangtao/Desktop/PQM/FPGA/rtl/DataProcessor/SignalProcessing/FreqAnalysis/RawDataCal/freq_thd_raw_calc.v" into library xil_defaultlib
INFO: [VRFC 10-311] analyzing module freq_thd_raw_calc
INFO: [VRFC 10-2263] Analyzing Verilog file "C:/Users/zhangtao/Desktop/PQM/FPGA/rtl/DataProcessor/SignalProcessing/TimeAnalysis/RawDataCal/frequency_measure.v" into library xil_defaultlib
INFO: [VRFC 10-311] analyzing module frequency_measure
INFO: [VRFC 10-2263] Analyzing Verilog file "C:/Users/zhangtao/Desktop/PQM/FPGA/rtl/lcd/touch/i2c_dri.v" into library xil_defaultlib
INFO: [VRFC 10-311] analyzing module i2c_dri
INFO: [VRFC 10-2263] Analyzing Verilog file "C:/Users/zhangtao/Desktop/PQM/FPGA/rtl/lcd/display/lcd_display.v" into library xil_defaultlib
INFO: [VRFC 10-311] analyzing module lcd_display
INFO: [VRFC 10-2263] Analyzing Verilog file "C:/Users/zhangtao/Desktop/PQM/FPGA/rtl/lcd/display/lcd_display_bg.v" into library xil_defaultlib
INFO: [VRFC 10-311] analyzing module lcd_display_bg
INFO: [VRFC 10-2263] Analyzing Verilog file "C:/Users/zhangtao/Desktop/PQM/FPGA/rtl/lcd/display/lcd_display_text.v" into library xil_defaultlib
INFO: [VRFC 10-311] analyzing module lcd_display_text
INFO: [VRFC 10-2263] Analyzing Verilog file "C:/Users/zhangtao/Desktop/PQM/FPGA/rtl/lcd/display/lcd_rgb_char.v" into library xil_defaultlib
INFO: [VRFC 10-311] analyzing module lcd_rgb_char
INFO: [VRFC 10-2263] Analyzing Verilog file "C:/Users/zhangtao/Desktop/PQM/FPGA/rtl/main.v" into library xil_defaultlib
INFO: [VRFC 10-311] analyzing module main
INFO: [VRFC 10-2263] Analyzing Verilog file "C:/Users/zhangtao/Desktop/PQM/FPGA/rtl/DataProcessor/BasicMath/multiplier_signed.v" into library xil_defaultlib
INFO: [VRFC 10-311] analyzing module multiplier_signed
INFO: [VRFC 10-2263] Analyzing Verilog file "C:/Users/zhangtao/Desktop/PQM/FPGA/rtl/DataProcessor/SignalProcessing/TimeAnalysis/RawDataCal/p2p_measure.v" into library xil_defaultlib
INFO: [VRFC 10-311] analyzing module p2p_measure
INFO: [VRFC 10-2263] Analyzing Verilog file "C:/Users/zhangtao/Desktop/PQM/FPGA/rtl/DataProcessor/SignalProcessing/FreqAnalysis/BasicFunctions/phase_deg_lut_calc.v" into library xil_defaultlib
INFO: [VRFC 10-311] analyzing module phase_deg_lut_calc
INFO: [VRFC 10-2263] Analyzing Verilog file "C:/Users/zhangtao/Desktop/PQM/FPGA/rtl/DataProcessor/SignalProcessing/TimeAnalysis/RawDataCal/phase_diff_calc.v" into library xil_defaultlib
INFO: [VRFC 10-311] analyzing module phase_diff_calc
INFO: [VRFC 10-2263] Analyzing Verilog file "C:/Users/zhangtao/Desktop/PQM/FPGA/rtl/DataProcessor/SignalProcessing/TimeAnalysis/RawDataCal/power_metrics_calc.v" into library xil_defaultlib
INFO: [VRFC 10-311] analyzing module power_metrics_calc
INFO: [VRFC 10-2263] Analyzing Verilog file "C:/Users/zhangtao/Desktop/PQM/FPGA/rtl/DataProcessor/BasicMath/signed_code_to_x100.v" into library xil_defaultlib
INFO: [VRFC 10-311] analyzing module signed_code_to_x100
INFO: [VRFC 10-2263] Analyzing Verilog file "C:/Users/zhangtao/Desktop/PQM/FPGA/rtl/DataProcessor/BasicMath/sqrt_unsigned.v" into library xil_defaultlib
INFO: [VRFC 10-311] analyzing module sqrt_unsigned
INFO: [VRFC 10-2263] Analyzing Verilog file "C:/Users/zhangtao/Desktop/PQM/FPGA/rtl/lcd/display/text_packet_double_buffer.v" into library xil_defaultlib
INFO: [VRFC 10-311] analyzing module text_packet_double_buffer
INFO: [VRFC 10-2263] Analyzing Verilog file "C:/Users/zhangtao/Desktop/PQM/FPGA/rtl/DataProcessor/SignalProcessing/TimeAnalysis/DataReprocessor/time_data_separator.v" into library xil_defaultlib
INFO: [VRFC 10-311] analyzing module time_data_separator
INFO: [VRFC 10-2263] Analyzing Verilog file "C:/Users/zhangtao/Desktop/PQM/FPGA/rtl/DataProcessor/SignalProcessing/TimeAnalysis/DataReprocessor/time_parameters_initiator.v" into library xil_defaultlib
INFO: [VRFC 10-311] analyzing module time_parameters_initiator
INFO: [VRFC 10-2263] Analyzing Verilog file "C:/Users/zhangtao/Desktop/PQM/FPGA/rtl/DataProcessor/GraphicsLoad/TimeDomain/time_text_display_preprocess.v" into library xil_defaultlib
INFO: [VRFC 10-311] analyzing module time_text_display_preprocess
INFO: [VRFC 10-2263] Analyzing Verilog file "C:/Users/zhangtao/Desktop/PQM/FPGA/rtl/DataProcessor/GraphicsLoad/TimeDomain/time_wave_display_capture.v" into library xil_defaultlib
INFO: [VRFC 10-311] analyzing module time_wave_display_capture
INFO: [VRFC 10-2263] Analyzing Verilog file "C:/Users/zhangtao/Desktop/PQM/FPGA/rtl/DataProcessor/GraphicsLoad/TimeDomain/time_wave_display_resampler.v" into library xil_defaultlib
INFO: [VRFC 10-311] analyzing module time_wave_display_resampler
INFO: [VRFC 10-2263] Analyzing Verilog file "C:/Users/zhangtao/Desktop/PQM/FPGA/rtl/DataProcessor/GraphicsLoad/TimeDomain/time_wave_frame_writer.v" into library xil_defaultlib
INFO: [VRFC 10-311] analyzing module time_wave_frame_writer
INFO: [VRFC 10-2263] Analyzing Verilog file "C:/Users/zhangtao/Desktop/PQM/FPGA/rtl/DataProcessor/GraphicsLoad/TimeDomain/time_wave_history_buffer.v" into library xil_defaultlib
INFO: [VRFC 10-311] analyzing module time_wave_history_buffer
INFO: [VRFC 10-2263] Analyzing Verilog file "C:/Users/zhangtao/Desktop/PQM/FPGA/rtl/DataProcessor/GraphicsLoad/TimeDomain/time_wave_trigger_core.v" into library xil_defaultlib
INFO: [VRFC 10-311] analyzing module time_wave_trigger_core
INFO: [VRFC 10-2263] Analyzing Verilog file "C:/Users/zhangtao/Desktop/PQM/FPGA/rtl/DataProcessor/SignalProcessing/TimeAnalysis/DataReprocessor/time_x100_normalizer.v" into library xil_defaultlib
INFO: [VRFC 10-311] analyzing module time_x100_normalizer
INFO: [VRFC 10-2263] Analyzing Verilog file "C:/Users/zhangtao/Desktop/PQM/FPGA/rtl/DataProcessor/SignalProcessing/TimeAnalysis/DataReprocessor/time_zero_code_tracker.v" into library xil_defaultlib
INFO: [VRFC 10-311] analyzing module time_zero_code_tracker
INFO: [VRFC 10-2263] Analyzing Verilog file "C:/Users/zhangtao/Desktop/PQM/FPGA/rtl/lcd/touch/touch_dri.v" into library xil_defaultlib
INFO: [VRFC 10-311] analyzing module touch_dri
INFO: [VRFC 10-2263] Analyzing Verilog file "C:/Users/zhangtao/Desktop/PQM/FPGA/rtl/lcd/touch/touch_state.v" into library xil_defaultlib
INFO: [VRFC 10-311] analyzing module touch_state
INFO: [VRFC 10-2263] Analyzing Verilog file "C:/Users/zhangtao/Desktop/PQM/FPGA/rtl/lcd/touch/touch_top.v" into library xil_defaultlib
INFO: [VRFC 10-311] analyzing module touch_top
INFO: [VRFC 10-2263] Analyzing Verilog file "C:/Users/zhangtao/Desktop/PQM/FPGA/rtl/DataProcessor/SignalProcessing/TimeAnalysis/RawDataCal/ui_rms_measure.v" into library xil_defaultlib
INFO: [VRFC 10-311] analyzing module ui_rms_measure
INFO: [VRFC 10-2263] Analyzing Verilog file "C:/Users/zhangtao/Desktop/PQM/FPGA/rtl/DataProcessor/BasicMath/value_x100_to_digits.v" into library xil_defaultlib
INFO: [VRFC 10-311] analyzing module value_x100_to_digits
INFO: [VRFC 10-2263] Analyzing Verilog file "C:/Users/zhangtao/Desktop/PQM/FPGA/rtl/lcd/display/wave_pixel_detector.v" into library xil_defaultlib
INFO: [VRFC 10-311] analyzing module wave_pixel_detector
INFO: [VRFC 10-2263] Analyzing Verilog file "C:/Users/zhangtao/Desktop/PQM/FPGA/sim/main_top/tb_main.v" into library xil_defaultlib
INFO: [VRFC 10-311] analyzing module tb_main
